Component: ARM Compiler 5.06 update 7 (build 960) Tool: armlink [4d3601]

==============================================================================

Section Cross References

    startup_stm32g031xx.o(STACK) refers (Special) to heapauxi.o(.text) for __use_two_region_memory
    startup_stm32g031xx.o(HEAP) refers (Special) to heapauxi.o(.text) for __use_two_region_memory
    startup_stm32g031xx.o(RESET) refers (Special) to heapauxi.o(.text) for __use_two_region_memory
    startup_stm32g031xx.o(RESET) refers to startup_stm32g031xx.o(STACK) for __initial_sp
    startup_stm32g031xx.o(RESET) refers to startup_stm32g031xx.o(.text) for Reset_Handler
    startup_stm32g031xx.o(RESET) refers to stm32g0xx_it.o(i.NMI_Handler) for NMI_Handler
    startup_stm32g031xx.o(RESET) refers to stm32g0xx_it.o(i.HardFault_Handler) for HardFault_Handler
    startup_stm32g031xx.o(RESET) refers to stm32g0xx_it.o(i.SVC_Handler) for SVC_Handler
    startup_stm32g031xx.o(RESET) refers to stm32g0xx_it.o(i.PendSV_Handler) for PendSV_Handler
    startup_stm32g031xx.o(RESET) refers to stm32g0xx_it.o(i.SysTick_Handler) for SysTick_Handler
    startup_stm32g031xx.o(RESET) refers to stm32g0xx_it.o(i.EXTI0_1_IRQHandler) for EXTI0_1_IRQHandler
    startup_stm32g031xx.o(RESET) refers to stm32g0xx_it.o(i.TIM17_IRQHandler) for TIM17_IRQHandler
    startup_stm32g031xx.o(.text) refers (Special) to heapauxi.o(.text) for __use_two_region_memory
    startup_stm32g031xx.o(.text) refers to system_stm32g0xx.o(i.SystemInit) for SystemInit
    startup_stm32g031xx.o(.text) refers to __main.o(!!!main) for __main
    startup_stm32g031xx.o(.text) refers to startup_stm32g031xx.o(HEAP) for Heap_Mem
    startup_stm32g031xx.o(.text) refers to startup_stm32g031xx.o(STACK) for Stack_Mem
    multi_button.o(i.button_handler) refers to multi_button.o(i.__ARM_common_switch8) for __ARM_common_switch8
    multi_button.o(i.button_init) refers to rt_memclr.o(.text) for __aeabi_memclr4
    multi_button.o(i.button_start) refers to multi_button.o(.data) for head_handle
    multi_button.o(i.button_stop) refers to multi_button.o(.data) for head_handle
    multi_button.o(i.button_ticks) refers to multi_button.o(i.button_handler) for button_handler
    multi_button.o(i.button_ticks) refers to multi_button.o(.data) for head_handle
    ctiic.o(i.CT_IIC_Ack) refers to ctiic.o(i.LL_GPIO_ResetOutputPin) for LL_GPIO_ResetOutputPin
    ctiic.o(i.CT_IIC_Ack) refers to ctiic.o(i.LL_GPIO_SetPinMode) for LL_GPIO_SetPinMode
    ctiic.o(i.CT_IIC_Ack) refers to ctiic.o(i.LL_GPIO_SetPinOutputType) for LL_GPIO_SetPinOutputType
    ctiic.o(i.CT_IIC_Ack) refers to ctiic.o(i.CT_Delay) for CT_Delay
    ctiic.o(i.CT_IIC_Ack) refers to ctiic.o(i.LL_GPIO_SetOutputPin) for LL_GPIO_SetOutputPin
    ctiic.o(i.CT_IIC_Init) refers to ctiic.o(i.LL_GPIO_SetOutputPin) for LL_GPIO_SetOutputPin
    ctiic.o(i.CT_IIC_NAck) refers to ctiic.o(i.LL_GPIO_ResetOutputPin) for LL_GPIO_ResetOutputPin
    ctiic.o(i.CT_IIC_NAck) refers to ctiic.o(i.LL_GPIO_SetPinMode) for LL_GPIO_SetPinMode
    ctiic.o(i.CT_IIC_NAck) refers to ctiic.o(i.LL_GPIO_SetPinOutputType) for LL_GPIO_SetPinOutputType
    ctiic.o(i.CT_IIC_NAck) refers to ctiic.o(i.CT_Delay) for CT_Delay
    ctiic.o(i.CT_IIC_NAck) refers to ctiic.o(i.LL_GPIO_SetOutputPin) for LL_GPIO_SetOutputPin
    ctiic.o(i.CT_IIC_Read_Byte) refers to ctiic.o(i.LL_GPIO_SetPinMode) for LL_GPIO_SetPinMode
    ctiic.o(i.CT_IIC_Read_Byte) refers to ctiic.o(i.LL_GPIO_SetPinPull) for LL_GPIO_SetPinPull
    ctiic.o(i.CT_IIC_Read_Byte) refers to tim.o(i.delay_us) for delay_us
    ctiic.o(i.CT_IIC_Read_Byte) refers to ctiic.o(i.LL_GPIO_ResetOutputPin) for LL_GPIO_ResetOutputPin
    ctiic.o(i.CT_IIC_Read_Byte) refers to ctiic.o(i.CT_Delay) for CT_Delay
    ctiic.o(i.CT_IIC_Read_Byte) refers to ctiic.o(i.LL_GPIO_SetOutputPin) for LL_GPIO_SetOutputPin
    ctiic.o(i.CT_IIC_Read_Byte) refers to ctiic.o(i.LL_GPIO_IsInputPinSet) for LL_GPIO_IsInputPinSet
    ctiic.o(i.CT_IIC_Read_Byte) refers to ctiic.o(i.CT_IIC_NAck) for CT_IIC_NAck
    ctiic.o(i.CT_IIC_Read_Byte) refers to ctiic.o(i.CT_IIC_Ack) for CT_IIC_Ack
    ctiic.o(i.CT_IIC_Send_Byte) refers to ctiic.o(i.LL_GPIO_SetPinMode) for LL_GPIO_SetPinMode
    ctiic.o(i.CT_IIC_Send_Byte) refers to ctiic.o(i.LL_GPIO_SetPinOutputType) for LL_GPIO_SetPinOutputType
    ctiic.o(i.CT_IIC_Send_Byte) refers to ctiic.o(i.LL_GPIO_ResetOutputPin) for LL_GPIO_ResetOutputPin
    ctiic.o(i.CT_IIC_Send_Byte) refers to ctiic.o(i.CT_Delay) for CT_Delay
    ctiic.o(i.CT_IIC_Send_Byte) refers to ctiic.o(i.LL_GPIO_SetOutputPin) for LL_GPIO_SetOutputPin
    ctiic.o(i.CT_IIC_Start) refers to ctiic.o(i.LL_GPIO_SetPinMode) for LL_GPIO_SetPinMode
    ctiic.o(i.CT_IIC_Start) refers to ctiic.o(i.LL_GPIO_SetPinOutputType) for LL_GPIO_SetPinOutputType
    ctiic.o(i.CT_IIC_Start) refers to ctiic.o(i.LL_GPIO_SetOutputPin) for LL_GPIO_SetOutputPin
    ctiic.o(i.CT_IIC_Start) refers to tim.o(i.delay_us) for delay_us
[...]
    ../clib/printf.c                         0x00000000   Number         0  _printf_str.o ABSOLUTE
    ../clib/printf.c                         0x00000000   Number         0  _printf_truncate.o ABSOLUTE
    ../clib/printf.c                         0x00000000   Number         0  _printf_pad.o ABSOLUTE
    ../clib/printf.c                         0x00000000   Number         0  __printf.o ABSOLUTE
    ../clib/printf.c                         0x00000000   Number         0  vsprintf.o ABSOLUTE
    ../clib/printf.c                         0x00000000   Number         0  _printf_wchar.o ABSOLUTE
    ../clib/printf.c                         0x00000000   Number         0  _printf_char.o ABSOLUTE
    ../clib/printf.c                         0x00000000   Number         0  __printf_nopercent.o ABSOLUTE
    ../clib/printf.c                         0x00000000   Number         0  _printf_fp_hex.o ABSOLUTE
    ../clib/printf.c                         0x00000000   Number         0  _printf_fp_dec.o ABSOLUTE
    ../clib/printf.c                         0x00000000   Number         0  _printf_intcommon.o ABSOLUTE
    ../clib/printf.c                         0x00000000   Number         0  _printf_oct_ll.o ABSOLUTE
    ../clib/printf.c                         0x00000000   Number         0  __printf_flags_ss_wp.o ABSOLUTE
    ../clib/printf.c                         0x00000000   Number         0  __printf_ss_wp.o ABSOLUTE
    ../clib/printf.c                         0x00000000   Number         0  __printf_wp.o ABSOLUTE
    ../clib/printf.c                         0x00000000   Number         0  __printf_flags_ss.o ABSOLUTE
    ../clib/printf.c                         0x00000000   Number         0  __printf_ss.o ABSOLUTE
    ../clib/printf.c                         0x00000000   Number         0  __printf_flags.o ABSOLUTE
    ../clib/printf.c                         0x00000000   Number         0  _printf_hex_int_ll_ptr.o ABSOLUTE
    ../clib/printf.c                         0x00000000   Number         0  _printf_hex_ll_ptr.o ABSOLUTE
    ../clib/printf.c                         0x00000000   Number         0  _printf_hex_int_ptr.o ABSOLUTE
    ../clib/printf.c                         0x00000000   Number         0  _printf_hex_ptr.o ABSOLUTE
    ../clib/printf.c                         0x00000000   Number         0  _printf_hex_int_ll.o ABSOLUTE
    ../clib/printf.c                         0x00000000   Number         0  _printf_hex_int.o ABSOLUTE
    ../clib/printf.c                         0x00000000   Number         0  _printf_hex_ll.o ABSOLUTE
    ../clib/printf.c                         0x00000000   Number         0  _printf_oct_int_ll.o ABSOLUTE
    ../clib/printf.c                         0x00000000   Number         0  _printf_oct_int.o ABSOLUTE
    ../clib/printf.c                         0x00000000   Number         0  _printf_longlong_dec.o ABSOLUTE
    ../clib/printf_percent.s                 0x00000000   Number         0  _printf_f.o ABSOLUTE
    ../clib/printf_percent.s                 0x00000000   Number         0  _printf_lc.o ABSOLUTE
    ../clib/printf_percent.s                 0x00000000   Number         0  _printf_l.o ABSOLUTE
    ../clib/printf_percent.s                 0x00000000   Number         0  _printf_lli.o ABSOLUTE
    ../clib/printf_percent.s                 0x00000000   Number         0  _printf_i.o ABSOLUTE
    ../clib/printf_percent.s                 0x00000000   Number         0  _printf_n.o ABSOLUTE
    ../clib/printf_percent.s                 0x00000000   Number         0  _printf_u.o ABSOLUTE
    ../clib/printf_percent.s                 0x00000000   Number         0  _printf_llu.o ABSOLUTE
    ../clib/printf_percent.s                 0x00000000   Number         0  _printf_d.o ABSOLUTE
    ../clib/printf_percent.s                 0x00000000   Number         0  _printf_percent_end.o ABSOLUTE
    ../clib/printf_percent.s                 0x00000000   Number         0  _printf_ll.o ABSOLUTE
    ../clib/printf_percent.s                 0x00000000   Number         0  _printf_a.o ABSOLUTE
    ../clib/printf_percent.s                 0x00000000   Number         0  _printf_x.o ABSOLUTE
    ../clib/printf_percent.s                 0x00000000   Number         0  _printf_lld.o ABSOLUTE
    ../clib/printf_percent.s                 0x00000000   Number         0  _printf_g.o ABSOLUTE
    ../clib/printf_percent.s                 0x00000000   Number         0  _printf_s.o ABSOLUTE
    ../clib/printf_percent.s                 0x00000000   Number         0  _printf_c.o ABSOLUTE
    ../clib/printf_percent.s                 0x00000000   Number         0  _printf_p.o ABSOLUTE
    ../clib/printf_percent.s                 0x00000000   Number         0  _printf_e.o ABSOLUTE
    ../clib/printf_percent.s                 0x00000000   Number         0  _printf_o.o ABSOLUTE
    ../clib/printf_percent.s                 0x00000000   Number         0  _printf_percent.o ABSOLUTE
    ../clib/printf_percent.s                 0x00000000   Number         0  _printf_ls.o ABSOLUTE
    ../clib/printf_percent.s                 0x00000000   Number         0  _printf_llo.o ABSOLUTE
    ../clib/printf_percent.s                 0x00000000   Number         0  _printf_llx.o ABSOLUTE
    ../clib/signal.c                         0x00000000   Number         0  defsig_stak_inner.o ABSOLUTE
    ../clib/signal.c                         0x00000000   Number         0  defsig_fpe_outer.o ABSOLUTE
    ../clib/signal.c                         0x00000000   Number         0  defsig_rtmem_outer.o ABSOLUTE
    ../clib/signal.c                         0x00000000   Number         0  defsig_fpe_inner.o ABSOLUTE
    ../clib/signal.c                         0x00000000   Number         0  defsig_rtmem_formal.o ABSOLUTE
    ../clib/signal.c                         0x00000000   Number         0  defsig_general.o ABSOLUTE
    ../clib/signal.c                         0x00000000   Number         0  __raise.o ABSOLUTE
    ../clib/signal.c                         0x00000000   Number         0  defsig_segv_inner.o ABSOLUTE
    ../clib/signal.c                         0x00000000   Number         0  defsig_other.o ABSOLUTE
    ../clib/signal.c                         0x00000000   Number         0  defsig_exit.o ABSOLUTE
    ../clib/signal.c                         0x00000000   Number         0  defsig_cppl_inner.o ABSOLUTE
    ../clib/signal.c                         0x00000000   Number         0  defsig_pvfn_inner.o ABSOLUTE
    ../clib/signal.c                         0x00000000   Number         0  defsig_fpe_formal.o ABSOLUTE
    ../clib/signal.c                         0x00000000   Number         0  defsig_abrt_inner.o ABSOLUTE
    ../clib/signal.c                         0x00000000   Number         0  defsig_rtred_inner.o ABSOLUTE
    ../clib/signal.c                         0x00000000   Number         0  defsig_rtmem_inner.o ABSOLUTE
    ../clib/signal.s                         0x00000000   Number         0  defsig.o ABSOLUTE
    ../clib/stdlib.c                         0x00000000   Number         0  exit.o ABSOLUTE
    ../clib/string.c                         0x00000000   Number         0  strcmp.o ABSOLUTE
    ../fplib/cfplib/fpinit.c                 0x00000000   Number         0  fpinit.o ABSOLUTE
    ../fplib/cfplib/ieee_status.c            0x00000000   Number         0  ieee_status.o ABSOLUTE
    ../fplib/printf1.s                       0x00000000   Number         0  printf1.o ABSOLUTE
    ../fplib/printf2.s                       0x00000000   Number         0  printf2.o ABSOLUTE
    ../fplib/printf2a.s                      0x00000000   Number         0  printf2a.o ABSOLUTE
    ../fplib/printf2b.s                      0x00000000   Number         0  printf2b.o ABSOLUTE
    ../fplib/usenofp.s                       0x00000000   Number         0  usenofp.o ABSOLUTE
    ../mathlib/fpclassify.c                  0x00000000   Number         0  fpclassify.o ABSOLUTE
    ..\Core\Src\adc.c                        0x00000000   Number         0  adc.o ABSOLUTE
    ..\Core\Src\gpio.c                       0x00000000   Number         0  gpio.o ABSOLUTE
    ..\Core\Src\main.c                       0x00000000   Number         0  main.o ABSOLUTE
    ..\Core\Src\rtc.c                        0x00000000   Number         0  rtc.o ABSOLUTE
    ..\Core\Src\stm32g0xx_hal_msp.c          0x00000000   Number         0  stm32g0xx_hal_msp.o ABSOLUTE
    ..\Core\Src\stm32g0xx_it.c               0x00000000   Number         0  stm32g0xx_it.o ABSOLUTE
    ..\Core\Src\system_stm32g0xx.c           0x00000000   Number         0  system_stm32g0xx.o ABSOLUTE
    ..\Core\Src\tim.c                        0x00000000   Number         0  tim.o ABSOLUTE
    ..\Core\mbutton\multi_button.c           0x00000000   Number         0  multi_button.o ABSOLUTE
    ..\Core\oled\OLED_I2C.c                  0x00000000   Number         0  oled_i2c.o ABSOLUTE
    ..\Core\oled\ctiic.c                     0x00000000   Number         0  ctiic.o ABSOLUTE
    ..\Core\oled\menu.c                      0x00000000   Number         0  menu.o ABSOLUTE
    ..\\Core\\oled\\OLED_I2C.c               0x00000000   Number         0  oled_i2c.o ABSOLUTE
    ..\\Core\\oled\\ctiic.c                  0x00000000   Number         0  ctiic.o ABSOLUTE
    ..\\Core\\oled\\menu.c                   0x00000000   Number         0  menu.o ABSOLUTE
    D:/STM32Cube/STM32Cube_FW_G0_V1.6.2/Drivers/STM32G0xx_HAL_Driver/Src/stm32g0xx_hal.c 0x00000000   Number         0  stm32g0xx_hal.o ABSOLUTE
    D:/STM32Cube/STM32Cube_FW_G0_V1.6.2/Drivers/STM32G0xx_HAL_Driver/Src/stm32g0xx_hal_adc.c 0x00000000   Number         0  stm32g0xx_hal_adc.o ABSOLUTE
    D:/STM32Cube/STM32Cube_FW_G0_V1.6.2/Drivers/STM32G0xx_HAL_Driver/Src/stm32g0xx_hal_adc_ex.c 0x00000000   Number         0  stm32g0xx_hal_adc_ex.o ABSOLUTE
    D:/STM32Cube/STM32Cube_FW_G0_V1.6.2/Drivers/STM32G0xx_HAL_Driver/Src/stm32g0xx_hal_cortex.c 0x00000000   Number         0  stm32g0xx_hal_cortex.o ABSOLUTE
    D:/STM32Cube/STM32Cube_FW_G0_V1.6.2/Drivers/STM32G0xx_HAL_Driver/Src/stm32g0xx_hal_dma.c 0x00000000   Number         0  stm32g0xx_hal_dma.o ABSOLUTE
    D:/STM32Cube/STM32Cube_FW_G0_V1.6.2/Drivers/STM32G0xx_HAL_Driver/Src/stm32g0xx_hal_dma_ex.c 0x00000000   Number         0  stm32g0xx_hal_dma_ex.o ABSOLUTE
    D:/STM32Cube/STM32Cube_FW_G0_V1.6.2/Drivers/STM32G0xx_HAL_Driver/Src/stm32g0xx_hal_exti.c 0x00000000   Number         0  stm32g0xx_hal_exti.o ABSOLUTE
    D:/STM32Cube/STM32Cube_FW_G0_V1.6.2/Drivers/STM32G0xx_HAL_Driver/Src/stm32g0xx_hal_flash.c 0x00000000   Number         0  stm32g0xx_hal_flash.o ABSOLUTE
    D:/STM32Cube/STM32Cube_FW_G0_V1.6.2/Drivers/STM32G0xx_HAL_Driver/Src/stm32g0xx_hal_flash_ex.c 0x00000000   Number         0  stm32g0xx_hal_flash_ex.o ABSOLUTE
    D:/STM32Cube/STM32Cube_FW_G0_V1.6.2/Drivers/STM32G0xx_HAL_Driver/Src/stm32g0xx_hal_gpio.c 0x00000000   Number         0  stm32g0xx_hal_gpio.o ABSOLUTE
    D:/STM32Cube/STM32Cube_FW_G0_V1.6.2/Drivers/STM32G0xx_HAL_Driver/Src/stm32g0xx_hal_pwr.c 0x00000000   Number         0  stm32g0xx_hal_pwr.o ABSOLUTE
    D:/STM32Cube/STM32Cube_FW_G0_V1.6.2/Drivers/STM32G0xx_HAL_Driver/Src/stm32g0xx_hal_pwr_ex.c 0x00000000   Number         0  stm32g0xx_hal_pwr_ex.o ABSOLUTE
    D:/STM32Cube/STM32Cube_FW_G0_V1.6.2/Drivers/STM32G0xx_HAL_Driver/Src/stm32g0xx_hal_rcc.c 0x00000000   Number         0  stm32g0xx_hal_rcc.o ABSOLUTE
    D:/STM32Cube/STM32Cube_FW_G0_V1.6.2/Drivers/STM32G0xx_HAL_Driver/Src/stm32g0xx_hal_rcc_ex.c 0x00000000   Number         0  stm32g0xx_hal_rcc_ex.o ABSOLUTE
    D:/STM32Cube/STM32Cube_FW_G0_V1.6.2/Drivers/STM32G0xx_HAL_Driver/Src/stm32g0xx_ll_adc.c 0x00000000   Number         0  stm32g0xx_ll_adc.o ABSOLUTE
    D:/STM32Cube/STM32Cube_FW_G0_V1.6.2/Drivers/STM32G0xx_HAL_Driver/Src/stm32g0xx_ll_dma.c 0x00000000   Number         0  stm32g0xx_ll_dma.o ABSOLUTE
    D:/STM32Cube/STM32Cube_FW_G0_V1.6.2/Drivers/STM32G0xx_HAL_Driver/Src/stm32g0xx_ll_exti.c 0x00000000   Number         0  stm32g0xx_ll_exti.o ABSOLUTE
    D:/STM32Cube/STM32Cube_FW_G0_V1.6.2/Drivers/STM32G0xx_HAL_Driver/Src/stm32g0xx_ll_gpio.c 0x00000000   Number         0  stm32g0xx_ll_gpio.o ABSOLUTE
    D:/STM32Cube/STM32Cube_FW_G0_V1.6.2/Drivers/STM32G0xx_HAL_Driver/Src/stm32g0xx_ll_rcc.c 0x00000000   Number         0  stm32g0xx_ll_rcc.o ABSOLUTE
    D:/STM32Cube/STM32Cube_FW_G0_V1.6.2/Drivers/STM32G0xx_HAL_Driver/Src/stm32g0xx_ll_rtc.c 0x00000000   Number         0  stm32g0xx_ll_rtc.o ABSOLUTE
    D:/STM32Cube/STM32Cube_FW_G0_V1.6.2/Drivers/STM32G0xx_HAL_Driver/Src/stm32g0xx_ll_tim.c 0x00000000   Number         0  stm32g0xx_ll_tim.o ABSOLUTE
    D:/STM32Cube/STM32Cube_FW_G0_V1.6.2/Drivers/STM32G0xx_HAL_Driver/Src/stm32g0xx_ll_utils.c 0x00000000   Number         0  stm32g0xx_ll_utils.o ABSOLUTE
    D:\STM32Cube\STM32Cube_FW_G0_V1.6.2\Drivers\STM32G0xx_HAL_Driver\Src\stm32g0xx_hal.c 0x00000000   Number         0  stm32g0xx_hal.o ABSOLUTE
    D:\STM32Cube\STM32Cube_FW_G0_V1.6.2\Drivers\STM32G0xx_HAL_Driver\Src\stm32g0xx_hal_adc.c 0x00000000   Number         0  stm32g0xx_hal_adc.o ABSOLUTE
    D:\STM32Cube\STM32Cube_FW_G0_V1.6.2\Drivers\STM32G0xx_HAL_Driver\Src\stm32g0xx_hal_adc_ex.c 0x00000000   Number         0  stm32g0xx_hal_adc_ex.o ABSOLUTE
    D:\STM32Cube\STM32Cube_FW_G0_V1.6.2\Drivers\STM32G0xx_HAL_Driver\Src\stm32g0xx_hal_cortex.c 0x00000000   Number         0  stm32g0xx_hal_cortex.o ABSOLUTE
    D:\STM32Cube\STM32Cube_FW_G0_V1.6.2\Drivers\STM32G0xx_HAL_Driver\Src\stm32g0xx_hal_dma.c 0x00000000   Number         0  stm32g0xx_hal_dma.o ABSOLUTE
    D:\STM32Cube\STM32Cube_FW_G0_V1.6.2\Drivers\STM32G0xx_HAL_Driver\Src\stm32g0xx_hal_dma_ex.c 0x00000000   Number         0  stm32g0xx_hal_dma_ex.o ABSOLUTE
    D:\STM32Cube\STM32Cube_FW_G0_V1.6.2\Drivers\STM32G0xx_HAL_Driver\Src\stm32g0xx_hal_exti.c 0x00000000   Number         0  stm32g0xx_hal_exti.o ABSOLUTE
    D:\STM32Cube\STM32Cube_FW_G0_V1.6.2\Drivers\STM32G0xx_HAL_Driver\Src\stm32g0xx_hal_flash.c 0x00000000   Number         0  stm32g0xx_hal_flash.o ABSOLUTE
    D:\STM32Cube\STM32Cube_FW_G0_V1.6.2\Drivers\STM32G0xx_HAL_Driver\Src\stm32g0xx_hal_flash_ex.c 0x00000000   Number         0  stm32g0xx_hal_flash_ex.o ABSOLUTE
    D:\STM32Cube\STM32Cube_FW_G0_V1.6.2\Drivers\STM32G0xx_HAL_Driver\Src\stm32g0xx_hal_gpio.c 0x00000000   Number         0  stm32g0xx_hal_gpio.o ABSOLUTE
    D:\STM32Cube\STM32Cube_FW_G0_V1.6.2\Drivers\STM32G0xx_HAL_Driver\Src\stm32g0xx_hal_pwr.c 0x00000000   Number         0  stm32g0xx_hal_pwr.o ABSOLUTE
    D:\STM32Cube\STM32Cube_FW_G0_V1.6.2\Drivers\STM32G0xx_HAL_Driver\Src\stm32g0xx_hal_pwr_ex.c 0x00000000   Number         0  stm32g0xx_hal_pwr_ex.o ABSOLUTE
    D:\STM32Cube\STM32Cube_FW_G0_V1.6.2\Drivers\STM32G0xx_HAL_Driver\Src\stm32g0xx_hal_rcc.c 0x00000000   Number         0  stm32g0xx_hal_rcc.o ABSOLUTE
    D:\STM32Cube\STM32Cube_FW_G0_V1.6.2\Drivers\STM32G0xx_HAL_Driver\Src\stm32g0xx_hal_rcc_ex.c 0x00000000   Number         0  stm32g0xx_hal_rcc_ex.o ABSOLUTE
    D:\STM32Cube\STM32Cube_FW_G0_V1.6.2\Drivers\STM32G0xx_HAL_Driver\Src\stm32g0xx_ll_adc.c 0x00000000   Number         0  stm32g0xx_ll_adc.o ABSOLUTE
    D:\STM32Cube\STM32Cube_FW_G0_V1.6.2\Drivers\STM32G0xx_HAL_Driver\Src\stm32g0xx_ll_dma.c 0x00000000   Number         0  stm32g0xx_ll_dma.o ABSOLUTE
    D:\STM32Cube\STM32Cube_FW_G0_V1.6.2\Drivers\STM32G0xx_HAL_Driver\Src\stm32g0xx_ll_exti.c 0x00000000   Number         0  stm32g0xx_ll_exti.o ABSOLUTE
    D:\STM32Cube\STM32Cube_FW_G0_V1.6.2\Drivers\STM32G0xx_HAL_Driver\Src\stm32g0xx_ll_gpio.c 0x00000000   Number         0  stm32g0xx_ll_gpio.o ABSOLUTE
    D:\STM32Cube\STM32Cube_FW_G0_V1.6.2\Drivers\STM32G0xx_HAL_Driver\Src\stm32g0xx_ll_rcc.c 0x00000000   Number         0  stm32g0xx_ll_rcc.o ABSOLUTE
    D:\STM32Cube\STM32Cube_FW_G0_V1.6.2\Drivers\STM32G0xx_HAL_Driver\Src\stm32g0xx_ll_rtc.c 0x00000000   Number         0  stm32g0xx_ll_rtc.o ABSOLUTE
    D:\STM32Cube\STM32Cube_FW_G0_V1.6.2\Drivers\STM32G0xx_HAL_Driver\Src\stm32g0xx_ll_tim.c 0x00000000   Number         0  stm32g0xx_ll_tim.o ABSOLUTE
    D:\STM32Cube\STM32Cube_FW_G0_V1.6.2\Drivers\STM32G0xx_HAL_Driver\Src\stm32g0xx_ll_utils.c 0x00000000   Number         0  stm32g0xx_ll_utils.o ABSOLUTE
    dc.s                                     0x00000000   Number         0  dc.o ABSOLUTE
    startup_stm32g031xx.s                    0x00000000   Number         0  startup_stm32g031xx.o ABSOLUTE
    RESET                                    0x08000000   Section      192  startup_stm32g031xx.o(RESET)
    !!!main                                  0x080000c0   Section        8  __main.o(!!!main)
    !!!scatter                               0x080000c8   Section       60  __scatter.o(!!!scatter)
    !!handler_copy                           0x08000104   Section       26  __scatter_copy.o(!!handler_copy)
    !!handler_zi                             0x08000120   Section       28  __scatter_zi.o(!!handler_zi)
    .ARM.Collect$$libinit$$00000000          0x0800013c   Section        2  libinit.o(.ARM.Collect$$libinit$$00000000)
    .ARM.Collect$$libinit$$00000002          0x0800013e   Section        0  libinit2.o(.ARM.Collect$$libinit$$00000002)
    .ARM.Collect$$libinit$$00000004          0x0800013e   Section        0  libinit2.o(.ARM.Collect$$libinit$$00000004)
    .ARM.Collect$$libinit$$0000000A          0x0800013e   Section        0  libinit2.o(.ARM.Collect$$libinit$$0000000A)
    .ARM.Collect$$libinit$$0000000C          0x0800013e   Section        0  libinit2.o(.ARM.Collect$$libinit$$0000000C)
    .ARM.Collect$$libinit$$0000000E          0x0800013e   Section        0  libinit2.o(.ARM.Collect$$libinit$$0000000E)
    .ARM.Collect$$libinit$$00000011          0x0800013e   Section        0  libinit2.o(.ARM.Collect$$libinit$$00000011)
    .ARM.Collect$$libinit$$00000013          0x0800013e   Section        0  libinit2.o(.ARM.Collect$$libinit$$00000013)
    .ARM.Collect$$libinit$$00000015          0x0800013e   Section        0  libinit2.o(.ARM.Collect$$libinit$$00000015)
    .ARM.Collect$$libinit$$00000017          0x0800013e   Section        0  libinit2.o(.ARM.Collect$$libinit$$00000017)
    .ARM.Collect$$libinit$$00000019          0x0800013e   Section        0  libinit2.o(.ARM.Collect$$libinit$$00000019)
    .ARM.Collect$$libinit$$0000001B          0x0800013e   Section        0  libinit2.o(.ARM.Collect$$libinit$$0000001B)
    .ARM.Collect$$libinit$$0000001D          0x0800013e   Section        0  libinit2.o(.ARM.Collect$$libinit$$0000001D)
    .ARM.Collect$$libinit$$0000001F          0x0800013e   Section        0  libinit2.o(.ARM.Collect$$libinit$$0000001F)
    .ARM.Collect$$libinit$$00000021          0x0800013e   Section        0  libinit2.o(.ARM.Collect$$libinit$$00000021)
    .ARM.Collect$$libinit$$00000023          0x0800013e   Section        0  libinit2.o(.ARM.Collect$$libinit$$00000023)
    .ARM.Collect$$libinit$$00000025          0x0800013e   Section        0  libinit2.o(.ARM.Collect$$libinit$$00000025)
    .ARM.Collect$$libinit$$0000002C          0x0800013e   Section        0  libinit2.o(.ARM.Collect$$libinit$$0000002C)
    .ARM.Collect$$libinit$$0000002E          0x0800013e   Section        0  libinit2.o(.ARM.Collect$$libinit$$0000002E)
    .ARM.Collect$$libinit$$00000030          0x0800013e   Section        0  libinit2.o(.ARM.Collect$$libinit$$00000030)
    .ARM.Collect$$libinit$$00000032          0x0800013e   Section        0  libinit2.o(.ARM.Collect$$libinit$$00000032)
    .ARM.Collect$$libinit$$00000033          0x0800013e   Section        2  libinit2.o(.ARM.Collect$$libinit$$00000033)
    .ARM.Collect$$libshutdown$$00000000      0x08000140   Section        2  libshutdown.o(.ARM.Collect$$libshutdown$$00000000)
    .ARM.Collect$$libshutdown$$00000002      0x08000142   Section        0  libshutdown2.o(.ARM.Collect$$libshutdown$$00000002)
    .ARM.Collect$$libshutdown$$00000004      0x08000142   Section        0  libshutdown2.o(.ARM.Collect$$libshutdown$$00000004)
    .ARM.Collect$$libshutdown$$00000006      0x08000142   Section        0  libshutdown2.o(.ARM.Collect$$libshutdown$$00000006)
    .ARM.Collect$$libshutdown$$00000009      0x08000142   Section        0  libshutdown2.o(.ARM.Collect$$libshutdown$$00000009)
    .ARM.Collect$$libshutdown$$0000000C      0x08000142   Section        0  libshutdown2.o(.ARM.Collect$$libshutdown$$0000000C)
    .ARM.Collect$$libshutdown$$0000000E      0x08000142   Section        0  libshutdown2.o(.ARM.Collect$$libshutdown$$0000000E)
    .ARM.Collect$$libshutdown$$00000011      0x08000142   Section        0  libshutdown2.o(.ARM.Collect$$libshutdown$$00000011)
    .ARM.Collect$$libshutdown$$00000012      0x08000142   Section        2  libshutdown2.o(.ARM.Collect$$libshutdown$$00000012)
    .ARM.Collect$$rtentry$$00000000          0x08000144   Section        0  __rtentry.o(.ARM.Collect$$rtentry$$00000000)
    .ARM.Collect$$rtentry$$00000002          0x08000144   Section        0  __rtentry2.o(.ARM.Collect$$rtentry$$00000002)
    .ARM.Collect$$rtentry$$00000004          0x08000144   Section        6  __rtentry4.o(.ARM.Collect$$rtentry$$00000004)
    .ARM.Collect$$rtentry$$00000009          0x0800014a   Section        0  __rtentry2.o(.ARM.Collect$$rtentry$$00000009)
    .ARM.Collect$$rtentry$$0000000A          0x0800014a   Section        4  __rtentry2.o(.ARM.Collect$$rtentry$$0000000A)
    .ARM.Collect$$rtentry$$0000000C          0x0800014e   Section        0  __rtentry2.o(.ARM.Collect$$rtentry$$0000000C)
    .ARM.Collect$$rtentry$$0000000D          0x0800014e   Section        8  __rtentry2.o(.ARM.Collect$$rtentry$$0000000D)
    .ARM.Collect$$rtexit$$00000000           0x08000156   Section        2  rtexit.o(.ARM.Collect$$rtexit$$00000000)
    .ARM.Collect$$rtexit$$00000002           0x08000158   Section        0  rtexit2.o(.ARM.Collect$$rtexit$$00000002)
    .ARM.Collect$$rtexit$$00000003           0x08000158   Section        4  rtexit2.o(.ARM.Collect$$rtexit$$00000003)
    .ARM.Collect$$rtexit$$00000004           0x0800015c   Section        6  rtexit2.o(.ARM.Collect$$rtexit$$00000004)
    .text                                    0x08000164   Section       56  startup_stm32g031xx.o(.text)
    .text                                    0x0800019c   Section        0  rt_memclr.o(.text)
    .text                                    0x080001dc   Section      346  aeabi_sdiv.o(.text)
    .text                                    0x08000336   Section        0  heapauxi.o(.text)
    .text                                    0x0800033c   Section       62  sys_stackheap_outer.o(.text)
    .text                                    0x0800037a   Section        0  exit.o(.text)
    .text                                    0x0800038c   Section        8  libspace.o(.text)
    .text                                    0x08000394   Section        0  sys_exit.o(.text)
    .text                                    0x080003a0   Section        2  use_no_semi.o(.text)
    .text                                    0x080003a2   Section        0  indicate_semi.o(.text)
    i.ADC_ConversionStop                     0x080003a4   Section        0  stm32g0xx_hal_adc.o(i.ADC_ConversionStop)
    i.ADC_Disable                            0x08000414   Section        0  stm32g0xx_hal_adc.o(i.ADC_Disable)
    i.ADC_Enable                             0x080004a0   Section        0  stm32g0xx_hal_adc.o(i.ADC_Enable)
    i.ADC_Read                               0x08000578   Section        0  main.o(i.ADC_Read)
    i.BTN1_LONG_PRESS_START_Handler          0x080005c4   Section        0  main.o(i.BTN1_LONG_PRESS_START_Handler)
    i.BTN1_PRESS_DOWN_Handler                0x080005d0   Section        0  main.o(i.BTN1_PRESS_DOWN_Handler)
    i.BTN1_PRESS_UP_Handler                  0x080005e8   Section        0  main.o(i.BTN1_PRESS_UP_Handler)
    i.CT_Delay                               0x080005f4   Section        0  ctiic.o(i.CT_Delay)
    i.CT_IIC_Send_Byte                       0x080005f6   Section        0  ctiic.o(i.CT_IIC_Send_Byte)
    i.CT_IIC_Start                           0x0800066e   Section        0  ctiic.o(i.CT_IIC_Start)
    i.CT_IIC_Stop                            0x080006c0   Section        0  ctiic.o(i.CT_IIC_Stop)
    i.CT_IIC_Wait_Ack                        0x08000710   Section        0  ctiic.o(i.CT_IIC_Wait_Ack)
    i.EXTI0_1_IRQHandler                     0x08000778   Section        0  stm32g0xx_it.o(i.EXTI0_1_IRQHandler)
    i.Error_Handler                          0x0800079c   Section        0  main.o(i.Error_Handler)
    i.Generate_Random_Number                 0x080007a4   Section        0  main.o(i.Generate_Random_Number)
    i.HAL_ADC_ConfigChannel                  0x080007e8   Section        0  stm32g0xx_hal_adc.o(i.HAL_ADC_ConfigChannel)
    i.HAL_ADC_GetValue                       0x08000b4c   Section        0  stm32g0xx_hal_adc.o(i.HAL_ADC_GetValue)
    i.HAL_ADC_Init                           0x08000b54   Section        0  stm32g0xx_hal_adc.o(i.HAL_ADC_Init)
    i.HAL_ADC_MspInit                        0x08000dec   Section        0  adc.o(i.HAL_ADC_MspInit)
    i.HAL_ADC_PollForConversion              0x08000e64   Section        0  stm32g0xx_hal_adc.o(i.HAL_ADC_PollForConversion)
    i.HAL_ADC_Start                          0x08000f40   Section        0  stm32g0xx_hal_adc.o(i.HAL_ADC_Start)
    i.HAL_ADC_Stop                           0x08000fb0   Section        0  stm32g0xx_hal_adc.o(i.HAL_ADC_Stop)
    i.HAL_GPIO_Init                          0x08001000   Section        0  stm32g0xx_hal_gpio.o(i.HAL_GPIO_Init)
    i.HAL_GetTick                            0x080011d8   Section        0  stm32g0xx_hal.o(i.HAL_GetTick)
    i.HAL_IncTick                            0x080011e4   Section        0  stm32g0xx_hal.o(i.HAL_IncTick)
    i.HAL_Init                               0x080011fc   Section        0  stm32g0xx_hal.o(i.HAL_Init)
    i.HAL_InitTick                           0x08001228   Section        0  stm32g0xx_hal.o(i.HAL_InitTick)
    i.HAL_MspInit                            0x08001288   Section        0  stm32g0xx_hal_msp.o(i.HAL_MspInit)
    i.HAL_NVIC_SetPriority                   0x080012cc   Section        0  stm32g0xx_hal_cortex.o(i.HAL_NVIC_SetPriority)
    i.HAL_SYSTICK_Config                     0x080012e0   Section        0  stm32g0xx_hal_cortex.o(i.HAL_SYSTICK_Config)
    i.HardFault_Handler                      0x08001318   Section        0  stm32g0xx_it.o(i.HardFault_Handler)
    i.I2C_WriteByte                          0x0800131c   Section        0  oled_i2c.o(i.I2C_WriteByte)
    i.LL_ADC_Disable                         0x0800135c   Section        0  stm32g0xx_hal_adc.o(i.LL_ADC_Disable)
    LL_ADC_Disable                           0x0800135d   Thumb Code    12  stm32g0xx_hal_adc.o(i.LL_ADC_Disable)
    i.LL_ADC_Enable                          0x0800136c   Section        0  stm32g0xx_hal_adc.o(i.LL_ADC_Enable)
    LL_ADC_Enable                            0x0800136d   Thumb Code    12  stm32g0xx_hal_adc.o(i.LL_ADC_Enable)
    i.LL_ADC_GetCommonPathInternalCh         0x0800137c   Section        0  stm32g0xx_hal_adc.o(i.LL_ADC_GetCommonPathInternalCh)
    LL_ADC_GetCommonPathInternalCh           0x0800137d   Thumb Code    12  stm32g0xx_hal_adc.o(i.LL_ADC_GetCommonPathInternalCh)
    i.LL_ADC_IsDisableOngoing                0x08001388   Section        0  stm32g0xx_hal_adc.o(i.LL_ADC_IsDisableOngoing)
    LL_ADC_IsDisableOngoing                  0x08001389   Thumb Code    12  stm32g0xx_hal_adc.o(i.LL_ADC_IsDisableOngoing)
    i.LL_ADC_IsEnabled                       0x08001394   Section        0  stm32g0xx_hal_adc.o(i.LL_ADC_IsEnabled)
    LL_ADC_IsEnabled                         0x08001395   Thumb Code    16  stm32g0xx_hal_adc.o(i.LL_ADC_IsEnabled)
    i.LL_ADC_IsInternalRegulatorEnabled      0x080013a4   Section        0  stm32g0xx_hal_adc.o(i.LL_ADC_IsInternalRegulatorEnabled)
    LL_ADC_IsInternalRegulatorEnabled        0x080013a5   Thumb Code    14  stm32g0xx_hal_adc.o(i.LL_ADC_IsInternalRegulatorEnabled)
    i.LL_ADC_REG_IsConversionOngoing         0x080013b2   Section        0  stm32g0xx_hal_adc.o(i.LL_ADC_REG_IsConversionOngoing)
    LL_ADC_REG_IsConversionOngoing           0x080013b3   Thumb Code    12  stm32g0xx_hal_adc.o(i.LL_ADC_REG_IsConversionOngoing)
    i.LL_ADC_REG_IsTriggerSourceSWStart      0x080013be   Section        0  stm32g0xx_hal_adc.o(i.LL_ADC_REG_IsTriggerSourceSWStart)
    LL_ADC_REG_IsTriggerSourceSWStart        0x080013bf   Thumb Code    22  stm32g0xx_hal_adc.o(i.LL_ADC_REG_IsTriggerSourceSWStart)
    i.LL_ADC_REG_StartConversion             0x080013d4   Section        0  stm32g0xx_hal_adc.o(i.LL_ADC_REG_StartConversion)
    LL_ADC_REG_StartConversion               0x080013d5   Thumb Code    12  stm32g0xx_hal_adc.o(i.LL_ADC_REG_StartConversion)
    i.LL_ADC_SetCommonPathInternalCh         0x080013e4   Section        0  stm32g0xx_hal_adc.o(i.LL_ADC_SetCommonPathInternalCh)
    LL_ADC_SetCommonPathInternalCh           0x080013e5   Thumb Code    14  stm32g0xx_hal_adc.o(i.LL_ADC_SetCommonPathInternalCh)
    i.LL_ADC_SetSamplingTimeCommonChannels   0x080013f2   Section        0  stm32g0xx_hal_adc.o(i.LL_ADC_SetSamplingTimeCommonChannels)
    LL_ADC_SetSamplingTimeCommonChannels     0x080013f3   Thumb Code    30  stm32g0xx_hal_adc.o(i.LL_ADC_SetSamplingTimeCommonChannels)
    i.LL_APB2_GRP1_EnableClock               0x08001410   Section        0  tim.o(i.LL_APB2_GRP1_EnableClock)
    LL_APB2_GRP1_EnableClock                 0x08001411   Thumb Code    24  tim.o(i.LL_APB2_GRP1_EnableClock)
    i.LL_EXTI_DisableEvent_0_31              0x0800142c   Section        0  stm32g0xx_ll_exti.o(i.LL_EXTI_DisableEvent_0_31)
    LL_EXTI_DisableEvent_0_31                0x0800142d   Thumb Code    12  stm32g0xx_ll_exti.o(i.LL_EXTI_DisableEvent_0_31)
    i.LL_EXTI_DisableIT_0_31                 0x0800143c   Section        0  stm32g0xx_ll_exti.o(i.LL_EXTI_DisableIT_0_31)
    LL_EXTI_DisableIT_0_31                   0x0800143d   Thumb Code    12  stm32g0xx_ll_exti.o(i.LL_EXTI_DisableIT_0_31)
    i.LL_EXTI_EnableEvent_0_31               0x0800144c   Section        0  stm32g0xx_ll_exti.o(i.LL_EXTI_EnableEvent_0_31)
    LL_EXTI_EnableEvent_0_31                 0x0800144d   Thumb Code    12  stm32g0xx_ll_exti.o(i.LL_EXTI_EnableEvent_0_31)
    i.LL_EXTI_EnableFallingTrig_0_31         0x0800145c   Section        0  stm32g0xx_ll_exti.o(i.LL_EXTI_EnableFallingTrig_0_31)
    LL_EXTI_EnableFallingTrig_0_31           0x0800145d   Thumb Code    12  stm32g0xx_ll_exti.o(i.LL_EXTI_EnableFallingTrig_0_31)
    i.LL_EXTI_EnableIT_0_31                  0x0800146c   Section        0  stm32g0xx_ll_exti.o(i.LL_EXTI_EnableIT_0_31)
    LL_EXTI_EnableIT_0_31                    0x0800146d   Thumb Code    12  stm32g0xx_ll_exti.o(i.LL_EXTI_EnableIT_0_31)
    i.LL_EXTI_EnableRisingTrig_0_31          0x0800147c   Section        0  stm32g0xx_ll_exti.o(i.LL_EXTI_EnableRisingTrig_0_31)
    LL_EXTI_EnableRisingTrig_0_31            0x0800147d   Thumb Code    12  stm32g0xx_ll_exti.o(i.LL_EXTI_EnableRisingTrig_0_31)
    i.LL_EXTI_Init                           0x0800148c   Section        0  stm32g0xx_ll_exti.o(i.LL_EXTI_Init)
    i.LL_GPIO_Init                           0x0800154c   Section        0  stm32g0xx_ll_gpio.o(i.LL_GPIO_Init)
    i.LL_GPIO_IsInputPinSet                  0x08001636   Section        0  ctiic.o(i.LL_GPIO_IsInputPinSet)
    LL_GPIO_IsInputPinSet                    0x08001637   Thumb Code    18  ctiic.o(i.LL_GPIO_IsInputPinSet)
    i.LL_GPIO_ResetOutputPin                 0x08001648   Section        0  ctiic.o(i.LL_GPIO_ResetOutputPin)
    LL_GPIO_ResetOutputPin                   0x08001649   Thumb Code     4  ctiic.o(i.LL_GPIO_ResetOutputPin)
    i.LL_GPIO_ResetOutputPin                 0x0800164c   Section        0  gpio.o(i.LL_GPIO_ResetOutputPin)
    LL_GPIO_ResetOutputPin                   0x0800164d   Thumb Code     4  gpio.o(i.LL_GPIO_ResetOutputPin)
    i.LL_GPIO_SetOutputPin                   0x08001650   Section        0  ctiic.o(i.LL_GPIO_SetOutputPin)
    LL_GPIO_SetOutputPin                     0x08001651   Thumb Code     4  ctiic.o(i.LL_GPIO_SetOutputPin)
    i.LL_GPIO_SetOutputPin                   0x08001654   Section        0  oled_i2c.o(i.LL_GPIO_SetOutputPin)
    LL_GPIO_SetOutputPin                     0x08001655   Thumb Code     4  oled_i2c.o(i.LL_GPIO_SetOutputPin)
    i.LL_GPIO_SetPinMode                     0x08001658   Section        0  ctiic.o(i.LL_GPIO_SetPinMode)
    LL_GPIO_SetPinMode                       0x08001659   Thumb Code    26  ctiic.o(i.LL_GPIO_SetPinMode)
    i.LL_GPIO_SetPinOutputType               0x08001672   Section        0  ctiic.o(i.LL_GPIO_SetPinOutputType)
    LL_GPIO_SetPinOutputType                 0x08001673   Thumb Code    16  ctiic.o(i.LL_GPIO_SetPinOutputType)
    i.LL_GPIO_SetPinPull                     0x08001682   Section        0  ctiic.o(i.LL_GPIO_SetPinPull)
    LL_GPIO_SetPinPull                       0x08001683   Thumb Code    26  ctiic.o(i.LL_GPIO_SetPinPull)
    i.LL_IOP_GRP1_EnableClock                0x0800169c   Section        0  gpio.o(i.LL_IOP_GRP1_EnableClock)
    LL_IOP_GRP1_EnableClock                  0x0800169d   Thumb Code    24  gpio.o(i.LL_IOP_GRP1_EnableClock)
    i.LL_RTC_DATE_Config                     0x080016b8   Section        0  stm32g0xx_ll_rtc.o(i.LL_RTC_DATE_Config)
    LL_RTC_DATE_Config                       0x080016b9   Thumb Code    62  stm32g0xx_ll_rtc.o(i.LL_RTC_DATE_Config)
    i.LL_RTC_DATE_Init                       0x080016fc   Section        0  stm32g0xx_ll_rtc.o(i.LL_RTC_DATE_Init)
    i.LL_RTC_DisableInitMode                 0x080017cc   Section        0  stm32g0xx_ll_rtc.o(i.LL_RTC_DisableInitMode)
    LL_RTC_DisableInitMode                   0x080017cd   Thumb Code     8  stm32g0xx_ll_rtc.o(i.LL_RTC_DisableInitMode)
    i.LL_RTC_DisableWriteProtection          0x080017d4   Section        0  stm32g0xx_ll_rtc.o(i.LL_RTC_DisableWriteProtection)
    LL_RTC_DisableWriteProtection            0x080017d5   Thumb Code    10  stm32g0xx_ll_rtc.o(i.LL_RTC_DisableWriteProtection)
    i.LL_RTC_EnableWriteProtection           0x080017de   Section        0  stm32g0xx_ll_rtc.o(i.LL_RTC_EnableWriteProtection)
    LL_RTC_EnableWriteProtection             0x080017df   Thumb Code     6  stm32g0xx_ll_rtc.o(i.LL_RTC_EnableWriteProtection)
    i.LL_RTC_EnterInitMode                   0x080017e4   Section        0  stm32g0xx_ll_rtc.o(i.LL_RTC_EnterInitMode)
    i.LL_RTC_GetHourFormat                   0x08001838   Section        0  stm32g0xx_ll_rtc.o(i.LL_RTC_GetHourFormat)
    LL_RTC_GetHourFormat                     0x08001839   Thumb Code    10  stm32g0xx_ll_rtc.o(i.LL_RTC_GetHourFormat)
    i.LL_RTC_Init                            0x08001842   Section        0  stm32g0xx_ll_rtc.o(i.LL_RTC_Init)
    i.LL_RTC_IsActiveFlag_INIT               0x0800189a   Section        0  stm32g0xx_ll_rtc.o(i.LL_RTC_IsActiveFlag_INIT)
    LL_RTC_IsActiveFlag_INIT                 0x0800189b   Thumb Code    12  stm32g0xx_ll_rtc.o(i.LL_RTC_IsActiveFlag_INIT)
    i.LL_RTC_IsActiveFlag_RS                 0x080018a6   Section        0  stm32g0xx_ll_rtc.o(i.LL_RTC_IsActiveFlag_RS)
    LL_RTC_IsActiveFlag_RS                   0x080018a7   Thumb Code    12  stm32g0xx_ll_rtc.o(i.LL_RTC_IsActiveFlag_RS)
    i.LL_RTC_IsShadowRegBypassEnabled        0x080018b2   Section        0  stm32g0xx_ll_rtc.o(i.LL_RTC_IsShadowRegBypassEnabled)
    LL_RTC_IsShadowRegBypassEnabled          0x080018b3   Thumb Code    12  stm32g0xx_ll_rtc.o(i.LL_RTC_IsShadowRegBypassEnabled)
    i.LL_RTC_TIME_Config                     0x080018c0   Section        0  stm32g0xx_ll_rtc.o(i.LL_RTC_TIME_Config)
    LL_RTC_TIME_Config                       0x080018c1   Thumb Code    60  stm32g0xx_ll_rtc.o(i.LL_RTC_TIME_Config)
    i.LL_RTC_TIME_Init                       0x08001900   Section        0  stm32g0xx_ll_rtc.o(i.LL_RTC_TIME_Init)
    i.LL_RTC_WaitForSynchro                  0x080019dc   Section        0  stm32g0xx_ll_rtc.o(i.LL_RTC_WaitForSynchro)
    i.LL_SYSTICK_IsActiveCounterFlag         0x08001a6c   Section        0  stm32g0xx_ll_rtc.o(i.LL_SYSTICK_IsActiveCounterFlag)
    LL_SYSTICK_IsActiveCounterFlag           0x08001a6d   Thumb Code    14  stm32g0xx_ll_rtc.o(i.LL_SYSTICK_IsActiveCounterFlag)
    i.LL_SetSystemCoreClock                  0x08001a80   Section        0  stm32g0xx_ll_utils.o(i.LL_SetSystemCoreClock)
    i.LL_TIM_DisableARRPreload               0x08001a8c   Section        0  tim.o(i.LL_TIM_DisableARRPreload)
    LL_TIM_DisableARRPreload                 0x08001a8d   Thumb Code    10  tim.o(i.LL_TIM_DisableARRPreload)
    i.LL_TIM_Init                            0x08001a98   Section        0  stm32g0xx_ll_tim.o(i.LL_TIM_Init)
    i.LL_mDelay                              0x08001b40   Section        0  stm32g0xx_ll_utils.o(i.LL_mDelay)
    i.MX_ADC1_Init                           0x08001b74   Section        0  adc.o(i.MX_ADC1_Init)
    i.MX_GPIO_Init                           0x08001c18   Section        0  gpio.o(i.MX_GPIO_Init)
    i.MX_RTC_Init                            0x08001d94   Section        0  rtc.o(i.MX_RTC_Init)
    i.MX_TIM14_Init                          0x08001edc   Section        0  tim.o(i.MX_TIM14_Init)
    i.MX_TIM17_Init                          0x08001f1c   Section        0  tim.o(i.MX_TIM17_Init)
    i.NMI_Handler                            0x08001f84   Section        0  stm32g0xx_it.o(i.NMI_Handler)
    i.OLED_Fill                              0x08001f88   Section        0  oled_i2c.o(i.OLED_Fill)
    i.OLED_Init                              0x08001fc2   Section        0  oled_i2c.o(i.OLED_Init)
    i.OLED_SetPos                            0x08002074   Section        0  oled_i2c.o(i.OLED_SetPos)
    i.OLED_ShowStr                           0x0800209c   Section        0  oled_i2c.o(i.OLED_ShowStr)
    i.OLED_Update                            0x08002188   Section        0  oled_i2c.o(i.OLED_Update)
    i.OLED_WriteData                         0x080021b0   Section        0  oled_i2c.o(i.OLED_WriteData)
    i.PendSV_Handler                         0x080021ca   Section        0  stm32g0xx_it.o(i.PendSV_Handler)
    i.Random_1_to_100                        0x080021cc   Section        0  main.o(i.Random_1_to_100)
    i.SVC_Handler                            0x080021e0   Section        0  stm32g0xx_it.o(i.SVC_Handler)
    i.SysTick_Handler                        0x080021e2   Section        0  stm32g0xx_it.o(i.SysTick_Handler)
    i.SystemClock_Config                     0x080021ec   Section        0  main.o(i.SystemClock_Config)
    i.SystemInit                             0x08002338   Section        0  system_stm32g0xx.o(i.SystemInit)
    i.TIM17_IRQHandler                       0x0800233c   Section        0  stm32g0xx_it.o(i.TIM17_IRQHandler)
    i.WriteCmd                               0x08002374   Section        0  oled_i2c.o(i.WriteCmd)
    i.WriteDat                               0x08002382   Section        0  oled_i2c.o(i.WriteDat)
    i.__ARM_common_switch8                   0x08002390   Section        0  multi_button.o(i.__ARM_common_switch8)
    i.__NVIC_SetPriority                     0x080023ac   Section        0  gpio.o(i.__NVIC_SetPriority)
    __NVIC_SetPriority                       0x080023ad   Thumb Code   110  gpio.o(i.__NVIC_SetPriority)
    i.__NVIC_SetPriority                     0x08002424   Section        0  tim.o(i.__NVIC_SetPriority)
    __NVIC_SetPriority                       0x08002425   Thumb Code   110  tim.o(i.__NVIC_SetPriority)
    i.__NVIC_SetPriority                     0x0800249c   Section        0  stm32g0xx_hal_cortex.o(i.__NVIC_SetPriority)
    __NVIC_SetPriority                       0x0800249d   Thumb Code   110  stm32g0xx_hal_cortex.o(i.__NVIC_SetPriority)
    i.button_attach                          0x08002514   Section        0  multi_button.o(i.button_attach)
    i.button_handler                         0x08002520   Section        0  multi_button.o(i.button_handler)
    button_handler                           0x08002521   Thumb Code   630  multi_button.o(i.button_handler)
    i.button_init                            0x08002796   Section        0  multi_button.o(i.button_init)
    i.button_start                           0x080027e4   Section        0  multi_button.o(i.button_start)
    i.button_ticks                           0x08002810   Section        0  multi_button.o(i.button_ticks)
    i.delay_us                               0x0800282c   Section        0  tim.o(i.delay_us)
    i.main                                   0x0800286c   Section        0  main.o(i.main)
    i.read_button_GPIO                       0x0800292c   Section        0  main.o(i.read_button_GPIO)
    .constdata                               0x08002948   Section    32498  oled_i2c.o(.constdata)
    CHANNEL_OFFSET_TAB                       0x08002948   Data           5  oled_i2c.o(.constdata)
    OFFSET_TAB_CCMRx                         0x0800294d   Data           9  oled_i2c.o(.constdata)
    SHIFT_TAB_OCxx                           0x08002956   Data           9  oled_i2c.o(.constdata)
    SHIFT_TAB_ICxx                           0x0800295f   Data           9  oled_i2c.o(.constdata)
    SHIFT_TAB_CCxP                           0x08002968   Data           9  oled_i2c.o(.constdata)
    SHIFT_TAB_OISx                           0x08002971   Data           9  oled_i2c.o(.constdata)
    .data                                    0x20000000   Section        4  multi_button.o(.data)
    head_handle                              0x20000000   Data           4  multi_button.o(.data)
    .data                                    0x20000004   Section        2  oled_i2c.o(.data)
    .data                                    0x20000008   Section       20  main.o(.data)
    .data                                    0x2000001c   Section        4  system_stm32g0xx.o(.data)
    .data                                    0x20000020   Section        9  stm32g0xx_hal.o(.data)
    .bss                                     0x2000002c   Section     4096  oled_i2c.o(.bss)
    .bss                                     0x2000102c   Section       44  main.o(.bss)
    .bss                                     0x20001058   Section      100  adc.o(.bss)
    .bss                                     0x200010bc   Section       96  libspace.o(.bss)
    HEAP                                     0x20001120   Section      512  startup_stm32g031xx.o(HEAP)
    Heap_Mem                                 0x20001120   Data         512  startup_stm32g031xx.o(HEAP)
    STACK                                    0x20001320   Section     1024  startup_stm32g031xx.o(STACK)
    Stack_Mem                                0x20001320   Data        1024  startup_stm32g031xx.o(STACK)
    __initial_sp                             0x20001720   Data           0  startup_stm32g031xx.o(STACK)

    Global Symbols

    Symbol Name                              Value     Ov Type        Size  Object(Section)

    BuildAttributes$$THM_ISAv3M$S$PE$A:L22$X:L11$S22$IEEE1$IW$USESV6$~STKCKD$USESV7$~SHL$OTIME$ROPI$IEEEJ$EBA8$UX$STANDARDLIB$REQ8$PRES8$EABIv2 0x00000000   Number         0  anon$$obj.o ABSOLUTE
    __ARM_use_no_argv                        0x00000000   Number         0  main.o ABSOLUTE
    _printf_flags                            0x00000000   Number         0  printf_stubs.o ABSOLUTE
    _printf_return_value                     0x00000000   Number         0  printf_stubs.o ABSOLUTE
    _printf_sizespec                         0x00000000   Number         0  printf_stubs.o ABSOLUTE
    _printf_widthprec                        0x00000000   Number         0  printf_stubs.o ABSOLUTE
    __ARM_exceptions_init                     - Undefined Weak Reference
    __alloca_initialize                       - Undefined Weak Reference
    __arm_fini_                               - Undefined Weak Reference
    __arm_preinit_                            - Undefined Weak Reference
    __cpp_initialize__aeabi_                  - Undefined Weak Reference
    __cxa_finalize                            - Undefined Weak Reference
    __sigvec_lookup                           - Undefined Weak Reference
    _atexit_init                              - Undefined Weak Reference
    _call_atexit_fns                          - Undefined Weak Reference
    _clock_init                               - Undefined Weak Reference
    _fp_trap_init                             - Undefined Weak Reference
    _fp_trap_shutdown                         - Undefined Weak Reference
    _get_lc_collate                           - Undefined Weak Reference
    _get_lc_monetary                          - Undefined Weak Reference
    _get_lc_time                              - Undefined Weak Reference
    _getenv_init                              - Undefined Weak Reference
    _handle_redirection                       - Undefined Weak Reference
    _init_alloc                               - Undefined Weak Reference
    _init_user_alloc                          - Undefined Weak Reference
    _initio                                   - Undefined Weak Reference
    _printf_mbtowc                            - Undefined Weak Reference
    _printf_wc                                - Undefined Weak Reference
    _rand_init                                - Undefined Weak Reference
    _signal_finish                            - Undefined Weak Reference
    _signal_init                              - Undefined Weak Reference
    _terminate_alloc                          - Undefined Weak Reference
    _terminate_user_alloc                     - Undefined Weak Reference
    _terminateio                              - Undefined Weak Reference
    __Vectors_Size                           0x000000c0   Number         0  startup_stm32g031xx.o ABSOLUTE
    __Vectors                                0x08000000   Data           4  startup_stm32g031xx.o(RESET)
    __Vectors_End                            0x080000c0   Data           0  startup_stm32g031xx.o(RESET)
    __main                                   0x080000c1   Thumb Code     8  __main.o(!!!main)
    __scatterload                            0x080000c9   Thumb Code     0  __scatter.o(!!!scatter)
    __scatterload_rt2                        0x080000c9   Thumb Code    52  __scatter.o(!!!scatter)
    __scatterload_rt2_thumb_only             0x080000c9   Thumb Code     0  __scatter.o(!!!scatter)
    __scatterload_null                       0x080000d9   Thumb Code     0  __scatter.o(!!!scatter)
    __scatterload_copy                       0x08000105   Thumb Code    26  __scatter_copy.o(!!handler_copy)
    __scatterload_zeroinit                   0x08000121   Thumb Code    28  __scatter_zi.o(!!handler_zi)
    __rt_lib_init                            0x0800013d   Thumb Code     0  libinit.o(.ARM.Collect$$libinit$$00000000)
    __rt_lib_init_alloca_1                   0x0800013f   Thumb Code     0  libinit2.o(.ARM.Collect$$libinit$$0000002E)
    __rt_lib_init_argv_1                     0x0800013f   Thumb Code     0  libinit2.o(.ARM.Collect$$libinit$$0000002C)
    __rt_lib_init_atexit_1                   0x0800013f   Thumb Code     0  libinit2.o(.ARM.Collect$$libinit$$0000001B)
    __rt_lib_init_clock_1                    0x0800013f   Thumb Code     0  libinit2.o(.ARM.Collect$$libinit$$00000021)
    __rt_lib_init_cpp_1                      0x0800013f   Thumb Code     0  libinit2.o(.ARM.Collect$$libinit$$00000032)
    __rt_lib_init_exceptions_1               0x0800013f   Thumb Code     0  libinit2.o(.ARM.Collect$$libinit$$00000030)
    __rt_lib_init_fp_1                       0x0800013f   Thumb Code     0  libinit2.o(.ARM.Collect$$libinit$$00000002)
    __rt_lib_init_fp_trap_1                  0x0800013f   Thumb Code     0  libinit2.o(.ARM.Collect$$libinit$$0000001F)
    __rt_lib_init_getenv_1                   0x0800013f   Thumb Code     0  libinit2.o(.ARM.Collect$$libinit$$00000023)
    __rt_lib_init_heap_1                     0x0800013f   Thumb Code     0  libinit2.o(.ARM.Collect$$libinit$$0000000A)
    __rt_lib_init_lc_collate_1               0x0800013f   Thumb Code     0  libinit2.o(.ARM.Collect$$libinit$$00000011)
    __rt_lib_init_lc_ctype_1                 0x0800013f   Thumb Code     0  libinit2.o(.ARM.Collect$$libinit$$00000013)
    __rt_lib_init_lc_monetary_1              0x0800013f   Thumb Code     0  libinit2.o(.ARM.Collect$$libinit$$00000015)
    __rt_lib_init_lc_numeric_1               0x0800013f   Thumb Code     0  libinit2.o(.ARM.Collect$$libinit$$00000017)
    __rt_lib_init_lc_time_1                  0x0800013f   Thumb Code     0  libinit2.o(.ARM.Collect$$libinit$$00000019)
    __rt_lib_init_preinit_1                  0x0800013f   Thumb Code     0  libinit2.o(.ARM.Collect$$libinit$$00000004)
    __rt_lib_init_rand_1                     0x0800013f   Thumb Code     0  libinit2.o(.ARM.Collect$$libinit$$0000000E)
    __rt_lib_init_return                     0x0800013f   Thumb Code     0  libinit2.o(.ARM.Collect$$libinit$$00000033)
    __rt_lib_init_signal_1                   0x0800013f   Thumb Code     0  libinit2.o(.ARM.Collect$$libinit$$0000001D)
    __rt_lib_init_stdio_1                    0x0800013f   Thumb Code     0  libinit2.o(.ARM.Collect$$libinit$$00000025)
    __rt_lib_init_user_alloc_1               0x0800013f   Thumb Code     0  libinit2.o(.ARM.Collect$$libinit$$0000000C)
    __rt_lib_shutdown                        0x08000141   Thumb Code     0  libshutdown.o(.ARM.Collect$$libshutdown$$00000000)
    __rt_lib_shutdown_cpp_1                  0x08000143   Thumb Code     0  libshutdown2.o(.ARM.Collect$$libshutdown$$00000004)
    __rt_lib_shutdown_fini_1                 0x08000143   Thumb Code     0  libshutdown2.o(.ARM.Collect$$libshutdown$$00000002)
    __rt_lib_shutdown_fp_trap_1              0x08000143   Thumb Code     0  libshutdown2.o(.ARM.Collect$$libshutdown$$00000009)
    __rt_lib_shutdown_heap_1                 0x08000143   Thumb Code     0  libshutdown2.o(.ARM.Collect$$libshutdown$$00000011)
    __rt_lib_shutdown_return                 0x08000143   Thumb Code     0  libshutdown2.o(.ARM.Collect$$libshutdown$$00000012)
    __rt_lib_shutdown_signal_1               0x08000143   Thumb Code     0  libshutdown2.o(.ARM.Collect$$libshutdown$$0000000C)
    __rt_lib_shutdown_stdio_1                0x08000143   Thumb Code     0  libshutdown2.o(.ARM.Collect$$libshutdown$$00000006)
    __rt_lib_shutdown_user_alloc_1           0x08000143   Thumb Code     0  libshutdown2.o(.ARM.Collect$$libshutdown$$0000000E)
    __rt_entry                               0x08000145   Thumb Code     0  __rtentry.o(.ARM.Collect$$rtentry$$00000000)
    __rt_entry_presh_1                       0x08000145   Thumb Code     0  __rtentry2.o(.ARM.Collect$$rtentry$$00000002)
    __rt_entry_sh                            0x08000145   Thumb Code     0  __rtentry4.o(.ARM.Collect$$rtentry$$00000004)
    __rt_entry_li                            0x0800014b   Thumb Code     0  __rtentry2.o(.ARM.Collect$$rtentry$$0000000A)
    __rt_entry_postsh_1                      0x0800014b   Thumb Code     0  __rtentry2.o(.ARM.Collect$$rtentry$$00000009)
    __rt_entry_main                          0x0800014f   Thumb Code     0  __rtentry2.o(.ARM.Collect$$rtentry$$0000000D)
    __rt_entry_postli_1                      0x0800014f   Thumb Code     0  __rtentry2.o(.ARM.Collect$$rtentry$$0000000C)
    __rt_exit                                0x08000157   Thumb Code     0  rtexit.o(.ARM.Collect$$rtexit$$00000000)
    __rt_exit_ls                             0x08000159   Thumb Code     0  rtexit2.o(.ARM.Collect$$rtexit$$00000003)
    __rt_exit_prels_1                        0x08000159   Thumb Code     0  rtexit2.o(.ARM.Collect$$rtexit$$00000002)
    __rt_exit_exit                           0x0800015d   Thumb Code     0  rtexit2.o(.ARM.Collect$$rtexit$$00000004)
    Reset_Handler                            0x08000165   Thumb Code     8  startup_stm32g031xx.o(.text)
    ADC1_IRQHandler                          0x08000177   Thumb Code     0  startup_stm32g031xx.o(.text)
    DMA1_Ch4_5_DMAMUX1_OVR_IRQHandler        0x08000177   Thumb Code     0  startup_stm32g031xx.o(.text)
    DMA1_Channel1_IRQHandler                 0x08000177   Thumb Code     0  startup_stm32g031xx.o(.text)
    DMA1_Channel2_3_IRQHandler               0x08000177   Thumb Code     0  startup_stm32g031xx.o(.text)
    EXTI2_3_IRQHandler                       0x08000177   Thumb Code     0  startup_stm32g031xx.o(.text)
    EXTI4_15_IRQHandler                      0x08000177   Thumb Code     0  startup_stm32g031xx.o(.text)
    FLASH_IRQHandler                         0x08000177   Thumb Code     0  startup_stm32g031xx.o(.text)
    I2C1_IRQHandler                          0x08000177   Thumb Code     0  startup_stm32g031xx.o(.text)
    I2C2_IRQHandler                          0x08000177   Thumb Code     0  startup_stm32g031xx.o(.text)
    LPTIM1_IRQHandler                        0x08000177   Thumb Code     0  startup_stm32g031xx.o(.text)
    LPTIM2_IRQHandler                        0x08000177   Thumb Code     0  startup_stm32g031xx.o(.text)
    LPUART1_IRQHandler                       0x08000177   Thumb Code     0  startup_stm32g031xx.o(.text)
    PVD_IRQHandler                           0x08000177   Thumb Code     0  startup_stm32g031xx.o(.text)
    RCC_IRQHandler                           0x08000177   Thumb Code     0  startup_stm32g031xx.o(.text)
    RTC_TAMP_IRQHandler                      0x08000177   Thumb Code     0  startup_stm32g031xx.o(.text)
    SPI1_IRQHandler                          0x08000177   Thumb Code     0  startup_stm32g031xx.o(.text)
    SPI2_IRQHandler                          0x08000177   Thumb Code     0  startup_stm32g031xx.o(.text)
    TIM14_IRQHandler                         0x08000177   Thumb Code     0  startup_stm32g031xx.o(.text)
    TIM16_IRQHandler                         0x08000177   Thumb Code     0  startup_stm32g031xx.o(.text)
    TIM1_BRK_UP_TRG_COM_IRQHandler           0x08000177   Thumb Code     0  startup_stm32g031xx.o(.text)
    TIM1_CC_IRQHandler                       0x08000177   Thumb Code     0  startup_stm32g031xx.o(.text)
    TIM2_IRQHandler                          0x08000177   Thumb Code     0  startup_stm32g031xx.o(.text)
    TIM3_IRQHandler                          0x08000177   Thumb Code     0  startup_stm32g031xx.o(.text)
    USART1_IRQHandler                        0x08000177   Thumb Code     0  startup_stm32g031xx.o(.text)
    USART2_IRQHandler                        0x08000177   Thumb Code     0  startup_stm32g031xx.o(.text)
    WWDG_IRQHandler                          0x08000177   Thumb Code     0  startup_stm32g031xx.o(.text)
    __user_initial_stackheap                 0x08000179   Thumb Code     0  startup_stm32g031xx.o(.text)
    _memset_w                                0x0800019d   Thumb Code    26  rt_memclr.o(.text)
    _memset                                  0x080001b7   Thumb Code    30  rt_memclr.o(.text)
    __aeabi_memclr                           0x080001d5   Thumb Code     4  rt_memclr.o(.text)
    __rt_memclr                              0x080001d5   Thumb Code     0  rt_memclr.o(.text)
    __aeabi_memclr4                          0x080001d9   Thumb Code     0  rt_memclr.o(.text)
    __aeabi_memclr8                          0x080001d9   Thumb Code     0  rt_memclr.o(.text)
    __rt_memclr_w                            0x080001d9   Thumb Code     4  rt_memclr.o(.text)
    __aeabi_uidiv                            0x080001dd   Thumb Code     0  aeabi_sdiv.o(.text)
    __aeabi_uidivmod                         0x080001dd   Thumb Code    20  aeabi_sdiv.o(.text)
    __aeabi_idiv                             0x080001f1   Thumb Code     0  aeabi_sdiv.o(.text)
    __aeabi_idivmod                          0x080001f1   Thumb Code   326  aeabi_sdiv.o(.text)
    __use_two_region_memory                  0x08000337   Thumb Code     2  heapauxi.o(.text)
    __rt_heap_escrow$2region                 0x08000339   Thumb Code     2  heapauxi.o(.text)
    __rt_heap_expand$2region                 0x0800033b   Thumb Code     2  heapauxi.o(.text)
    __user_setup_stackheap                   0x0800033d   Thumb Code    62  sys_stackheap_outer.o(.text)
    exit                                     0x0800037b   Thumb Code    16  exit.o(.text)
    __user_libspace                          0x0800038d   Thumb Code     8  libspace.o(.text)
    __user_perproc_libspace                  0x0800038d   Thumb Code     0  libspace.o(.text)
    __user_perthread_libspace                0x0800038d   Thumb Code     0  libspace.o(.text)
    _sys_exit                                0x08000395   Thumb Code     8  sys_exit.o(.text)
    __I$use$semihosting                      0x080003a1   Thumb Code     0  use_no_semi.o(.text)
    __use_no_semihosting_swi                 0x080003a1   Thumb Code     2  use_no_semi.o(.text)
    __semihosting_library_function           0x080003a3   Thumb Code     0  indicate_semi.o(.text)
    ADC_ConversionStop                       0x080003a5   Thumb Code   106  stm32g0xx_hal_adc.o(i.ADC_ConversionStop)
    ADC_Disable                              0x08000415   Thumb Code   138  stm32g0xx_hal_adc.o(i.ADC_Disable)
    ADC_Enable                               0x080004a1   Thumb Code   200  stm32g0xx_hal_adc.o(i.ADC_Enable)
    ADC_Read                                 0x08000579   Thumb Code    70  main.o(i.ADC_Read)
    BTN1_LONG_PRESS_START_Handler            0x080005c5   Thumb Code     8  main.o(i.BTN1_LONG_PRESS_START_Handler)
    BTN1_PRESS_DOWN_Handler                  0x080005d1   Thumb Code    14  main.o(i.BTN1_PRESS_DOWN_Handler)
    BTN1_PRESS_UP_Handler                    0x080005e9   Thumb Code     8  main.o(i.BTN1_PRESS_UP_Handler)
    CT_Delay                                 0x080005f5   Thumb Code     2  ctiic.o(i.CT_Delay)
    CT_IIC_Send_Byte                         0x080005f7   Thumb Code   120  ctiic.o(i.CT_IIC_Send_Byte)
    CT_IIC_Start                             0x0800066f   Thumb Code    82  ctiic.o(i.CT_IIC_Start)
    CT_IIC_Stop                              0x080006c1   Thumb Code    80  ctiic.o(i.CT_IIC_Stop)
    CT_IIC_Wait_Ack                          0x08000711   Thumb Code   102  ctiic.o(i.CT_IIC_Wait_Ack)
    EXTI0_1_IRQHandler                       0x08000779   Thumb Code    32  stm32g0xx_it.o(i.EXTI0_1_IRQHandler)
    Error_Handler                            0x0800079d   Thumb Code     6  main.o(i.Error_Handler)
    Generate_Random_Number                   0x080007a5   Thumb Code    64  main.o(i.Generate_Random_Number)
    HAL_ADC_ConfigChannel                    0x080007e9   Thumb Code   838  stm32g0xx_hal_adc.o(i.HAL_ADC_ConfigChannel)
    HAL_ADC_GetValue                         0x08000b4d   Thumb Code     8  stm32g0xx_hal_adc.o(i.HAL_ADC_GetValue)
    HAL_ADC_Init                             0x08000b55   Thumb Code   634  stm32g0xx_hal_adc.o(i.HAL_ADC_Init)
    HAL_ADC_MspInit                          0x08000ded   Thumb Code   112  adc.o(i.HAL_ADC_MspInit)
    HAL_ADC_PollForConversion                0x08000e65   Thumb Code   220  stm32g0xx_hal_adc.o(i.HAL_ADC_PollForConversion)
    HAL_ADC_Start                            0x08000f41   Thumb Code   106  stm32g0xx_hal_adc.o(i.HAL_ADC_Start)
    HAL_ADC_Stop                             0x08000fb1   Thumb Code    78  stm32g0xx_hal_adc.o(i.HAL_ADC_Stop)
    HAL_GPIO_Init                            0x08001001   Thumb Code   454  stm32g0xx_hal_gpio.o(i.HAL_GPIO_Init)
    HAL_GetTick                              0x080011d9   Thumb Code     6  stm32g0xx_hal.o(i.HAL_GetTick)
    HAL_IncTick                              0x080011e5   Thumb Code    16  stm32g0xx_hal.o(i.HAL_IncTick)
    HAL_Init                                 0x080011fd   Thumb Code    40  stm32g0xx_hal.o(i.HAL_Init)
    HAL_InitTick                             0x08001229   Thumb Code    82  stm32g0xx_hal.o(i.HAL_InitTick)
    HAL_MspInit                              0x08001289   Thumb Code    64  stm32g0xx_hal_msp.o(i.HAL_MspInit)
    HAL_NVIC_SetPriority                     0x080012cd   Thumb Code    18  stm32g0xx_hal_cortex.o(i.HAL_NVIC_SetPriority)
    HAL_SYSTICK_Config                       0x080012e1   Thumb Code    46  stm32g0xx_hal_cortex.o(i.HAL_SYSTICK_Config)
    HardFault_Handler                        0x08001319   Thumb Code     4  stm32g0xx_it.o(i.HardFault_Handler)
    I2C_WriteByte                            0x0800131d   Thumb Code    58  oled_i2c.o(i.I2C_WriteByte)
    LL_EXTI_Init                             0x0800148d   Thumb Code   186  stm32g0xx_ll_exti.o(i.LL_EXTI_Init)
    LL_GPIO_Init                             0x0800154d   Thumb Code   234  stm32g0xx_ll_gpio.o(i.LL_GPIO_Init)
    LL_RTC_DATE_Init                         0x080016fd   Thumb Code   208  stm32g0xx_ll_rtc.o(i.LL_RTC_DATE_Init)
    LL_RTC_EnterInitMode                     0x080017e5   Thumb Code    84  stm32g0xx_ll_rtc.o(i.LL_RTC_EnterInitMode)
    LL_RTC_Init                              0x08001843   Thumb Code    88  stm32g0xx_ll_rtc.o(i.LL_RTC_Init)
    LL_RTC_TIME_Init                         0x08001901   Thumb Code   220  stm32g0xx_ll_rtc.o(i.LL_RTC_TIME_Init)
    LL_RTC_WaitForSynchro                    0x080019dd   Thumb Code   144  stm32g0xx_ll_rtc.o(i.LL_RTC_WaitForSynchro)
    LL_SetSystemCoreClock                    0x08001a81   Thumb Code     6  stm32g0xx_ll_utils.o(i.LL_SetSystemCoreClock)
    LL_TIM_Init                              0x08001a99   Thumb Code   146  stm32g0xx_ll_tim.o(i.LL_TIM_Init)
    LL_mDelay                                0x08001b41   Thumb Code    46  stm32g0xx_ll_utils.o(i.LL_mDelay)
    MX_ADC1_Init                             0x08001b75   Thumb Code   146  adc.o(i.MX_ADC1_Init)
    MX_GPIO_Init                             0x08001c19   Thumb Code   368  gpio.o(i.MX_GPIO_Init)
    MX_RTC_Init                              0x08001d95   Thumb Code   310  rtc.o(i.MX_RTC_Init)
    MX_TIM14_Init                            0x08001edd   Thumb Code    54  tim.o(i.MX_TIM14_Init)
    MX_TIM17_Init                            0x08001f1d   Thumb Code    92  tim.o(i.MX_TIM17_Init)
    NMI_Handler                              0x08001f85   Thumb Code     4  stm32g0xx_it.o(i.NMI_Handler)
    OLED_Fill                                0x08001f89   Thumb Code    58  oled_i2c.o(i.OLED_Fill)
    OLED_Init                                0x08001fc3   Thumb Code   178  oled_i2c.o(i.OLED_Init)
    OLED_SetPos                              0x08002075   Thumb Code    40  oled_i2c.o(i.OLED_SetPos)
    OLED_ShowStr                             0x0800209d   Thumb Code   226  oled_i2c.o(i.OLED_ShowStr)
    OLED_Update                              0x08002189   Thumb Code    36  oled_i2c.o(i.OLED_Update)
    OLED_WriteData                           0x080021b1   Thumb Code    26  oled_i2c.o(i.OLED_WriteData)
    PendSV_Handler                           0x080021cb   Thumb Code     2  stm32g0xx_it.o(i.PendSV_Handler)
    Random_1_to_100                          0x080021cd   Thumb Code    20  main.o(i.Random_1_to_100)
    SVC_Handler                              0x080021e1   Thumb Code     2  stm32g0xx_it.o(i.SVC_Handler)
    SysTick_Handler                          0x080021e3   Thumb Code     8  stm32g0xx_it.o(i.SysTick_Handler)
    SystemClock_Config                       0x080021ed   Thumb Code   310  main.o(i.SystemClock_Config)
    SystemInit                               0x08002339   Thumb Code     2  system_stm32g0xx.o(i.SystemInit)
    TIM17_IRQHandler                         0x0800233d   Thumb Code    48  stm32g0xx_it.o(i.TIM17_IRQHandler)
    WriteCmd                                 0x08002375   Thumb Code    14  oled_i2c.o(i.WriteCmd)
    WriteDat                                 0x08002383   Thumb Code    14  oled_i2c.o(i.WriteDat)
    __ARM_common_switch8                     0x08002391   Thumb Code    28  multi_button.o(i.__ARM_common_switch8)
    button_attach                            0x08002515   Thumb Code    12  multi_button.o(i.button_attach)
    button_init                              0x08002797   Thumb Code    76  multi_button.o(i.button_init)
    button_start                             0x080027e5   Thumb Code    38  multi_button.o(i.button_start)
    button_ticks                             0x08002811   Thumb Code    22  multi_button.o(i.button_ticks)
    delay_us                                 0x0800282d   Thumb Code    60  tim.o(i.delay_us)
    main                                     0x0800286d   Thumb Code   158  main.o(i.main)
    read_button_GPIO                         0x0800292d   Thumb Code    24  main.o(i.read_button_GPIO)
    qtxt0                                    0x0800297a   Data         100  oled_i2c.o(.constdata)
    qtxt1                                    0x080029de   Data        3300  oled_i2c.o(.constdata)
    qtxt2                                    0x080036c2   Data        3400  oled_i2c.o(.constdata)
    tfont16                                  0x0800440a   Data       21624  oled_i2c.o(.constdata)
    F32x32                                   0x08009882   Data        1024  oled_i2c.o(.constdata)
    F16x16                                   0x08009c82   Data         224  oled_i2c.o(.constdata)
    F6x8                                     0x08009d62   Data         552  oled_i2c.o(.constdata)
    F8X16                                    0x08009f8a   Data        1520  oled_i2c.o(.constdata)
    F16X32                                   0x0800a57a   Data         704  oled_i2c.o(.constdata)
    Region$$Table$$Base                      0x0800a83c   Number         0  anon$$obj.o(Region$$Table)
    Region$$Table$$Limit                     0x0800a85c   Number         0  anon$$obj.o(Region$$Table)
    AniFlag                                  0x20000004   Data           1  oled_i2c.o(.data)
    r                                        0x20000005   Data           1  oled_i2c.o(.data)
    menu_flag                                0x20000008   Data           1  main.o(.data)
    ADC_CHANNEL                              0x2000000a   Data           4  main.o(.data)
    bPRESS_DOWN                              0x2000000e   Data           1  main.o(.data)
    bPRESS_UP                                0x2000000f   Data           1  main.o(.data)
    bLONG_PRESS_START                        0x20000010   Data           1  main.o(.data)
    m_timebase                               0x20000014   Data           4  main.o(.data)
    m_ZDCouter                               0x20000018   Data           1  main.o(.data)
    m_no                                     0x20000019   Data           1  main.o(.data)
    m_rand                                   0x2000001a   Data           1  main.o(.data)
    m_guiId                                  0x2000001b   Data           1  main.o(.data)
    SystemCoreClock                          0x2000001c   Data           4  system_stm32g0xx.o(.data)
    uwTick                                   0x20000020   Data           4  stm32g0xx_hal.o(.data)
    uwTickPrio                               0x20000024   Data           4  stm32g0xx_hal.o(.data)
    uwTickFreq                               0x20000028   Data           1  stm32g0xx_hal.o(.data)
    OLED_DisplayBuf                          0x2000002c   Data        4096  oled_i2c.o(.bss)
    btn1                                     0x2000102c   Data          44  main.o(.bss)
    hadc1                                    0x20001058   Data         100  adc.o(.bss)
    __libspace_start                         0x200010bc   Data          96  libspace.o(.bss)
    __temporary_stack_top$libspace           0x2000111c   Data           0  libspace.o(.bss)



==============================================================================

Memory Map of the image

  Image Entry point : 0x080000c1

  Load Region LR_IROM1 (Base: 0x08000000, Size: 0x0000a888, Max: 0x00010000, ABSOLUTE)

    Execution Region ER_IROM1 (Exec base: 0x08000000, Load base: 0x08000000, Size: 0x0000a85c, Max: 0x00010000, ABSOLUTE)

    Exec Addr    Load Addr    Size         Type   Attr      Idx    E Section Name        Object

    0x08000000   0x08000000   0x000000c0   Data   RO            3    RESET               startup_stm32g031xx.o
    0x080000c0   0x080000c0   0x00000008   Code   RO         3575  * !!!main             c_p.l(__main.o)
    0x080000c8   0x080000c8   0x0000003c   Code   RO         3894    !!!scatter          c_p.l(__scatter.o)
    0x08000104   0x08000104   0x0000001a   Code   RO         3896    !!handler_copy      c_p.l(__scatter_copy.o)
    0x0800011e   0x0800011e   0x00000002   PAD
    0x08000120   0x08000120   0x0000001c   Code   RO         3898    !!handler_zi        c_p.l(__scatter_zi.o)
    0x0800013c   0x0800013c   0x00000002   Code   RO         3751    .ARM.Collect$$libinit$$00000000  c_p.l(libinit.o)
    0x0800013e   0x0800013e   0x00000000   Code   RO         3775    .ARM.Collect$$libinit$$00000002  c_p.l(libinit2.o)
    0x0800013e   0x0800013e   0x00000000   Code   RO         3777    .ARM.Collect$$libinit$$00000004  c_p.l(libinit2.o)
    0x0800013e   0x0800013e   0x00000000   Code   RO         3780    .ARM.Collect$$libinit$$0000000A  c_p.l(libinit2.o)
    0x0800013e   0x0800013e   0x00000000   Code   RO         3782    .ARM.Collect$$libinit$$0000000C  c_p.l(libinit2.o)
    0x0800013e   0x0800013e   0x00000000   Code   RO         3784    .ARM.Collect$$libinit$$0000000E  c_p.l(libinit2.o)
    0x0800013e   0x0800013e   0x00000000   Code   RO         3787    .ARM.Collect$$libinit$$00000011  c_p.l(libinit2.o)
    0x0800013e   0x0800013e   0x00000000   Code   RO         3789    .ARM.Collect$$libinit$$00000013  c_p.l(libinit2.o)
    0x0800013e   0x0800013e   0x00000000   Code   RO         3791    .ARM.Collect$$libinit$$00000015  c_p.l(libinit2.o)
    0x0800013e   0x0800013e   0x00000000   Code   RO         3793    .ARM.Collect$$libinit$$00000017  c_p.l(libinit2.o)
    0x0800013e   0x0800013e   0x00000000   Code   RO         3795    .ARM.Collect$$libinit$$00000019  c_p.l(libinit2.o)
    0x0800013e   0x0800013e   0x00000000   Code   RO         3797    .ARM.Collect$$libinit$$0000001B  c_p.l(libinit2.o)
    0x0800013e   0x0800013e   0x00000000   Code   RO         3799    .ARM.Collect$$libinit$$0000001D  c_p.l(libinit2.o)
    0x0800013e   0x0800013e   0x00000000   Code   RO         3801    .ARM.Collect$$libinit$$0000001F  c_p.l(libinit2.o)
    0x0800013e   0x0800013e   0x00000000   Code   RO         3803    .ARM.Collect$$libinit$$00000021  c_p.l(libinit2.o)
    0x0800013e   0x0800013e   0x00000000   Code   RO         3805    .ARM.Collect$$libinit$$00000023  c_p.l(libinit2.o)
    0x0800013e   0x0800013e   0x00000000   Code   RO         3807    .ARM.Collect$$libinit$$00000025  c_p.l(libinit2.o)
    0x0800013e   0x0800013e   0x00000000   Code   RO         3811    .ARM.Collect$$libinit$$0000002C  c_p.l(libinit2.o)
    0x0800013e   0x0800013e   0x00000000   Code   RO         3813    .ARM.Collect$$libinit$$0000002E  c_p.l(libinit2.o)
    0x0800013e   0x0800013e   0x00000000   Code   RO         3815    .ARM.Collect$$libinit$$00000030  c_p.l(libinit2.o)
    0x0800013e   0x0800013e   0x00000000   Code   RO         3817    .ARM.Collect$$libinit$$00000032  c_p.l(libinit2.o)
    0x0800013e   0x0800013e   0x00000002   Code   RO         3818    .ARM.Collect$$libinit$$00000033  c_p.l(libinit2.o)
    0x08000140   0x08000140   0x00000002   Code   RO         3849    .ARM.Collect$$libshutdown$$00000000  c_p.l(libshutdown.o)
    0x08000142   0x08000142   0x00000000   Code   RO         3875    .ARM.Collect$$libshutdown$$00000002  c_p.l(libshutdown2.o)
    0x08000142   0x08000142   0x00000000   Code   RO         3877    .ARM.Collect$$libshutdown$$00000004  c_p.l(libshutdown2.o)
    0x08000142   0x08000142   0x00000000   Code   RO         3879    .ARM.Collect$$libshutdown$$00000006  c_p.l(libshutdown2.o)
    0x08000142   0x08000142   0x00000000   Code   RO         3882    .ARM.Collect$$libshutdown$$00000009  c_p.l(libshutdown2.o)
    0x08000142   0x08000142   0x00000000   Code   RO         3885    .ARM.Collect$$libshutdown$$0000000C  c_p.l(libshutdown2.o)
    0x08000142   0x08000142   0x00000000   Code   RO         3887    .ARM.Collect$$libshutdown$$0000000E  c_p.l(libshutdown2.o)
    0x08000142   0x08000142   0x00000000   Code   RO         3890    .ARM.Collect$$libshutdown$$00000011  c_p.l(libshutdown2.o)
    0x08000142   0x08000142   0x00000002   Code   RO         3891    .ARM.Collect$$libshutdown$$00000012  c_p.l(libshutdown2.o)
    0x08000144   0x08000144   0x00000000   Code   RO         3577    .ARM.Collect$$rtentry$$00000000  c_p.l(__rtentry.o)
    0x08000144   0x08000144   0x00000000   Code   RO         3682    .ARM.Collect$$rtentry$$00000002  c_p.l(__rtentry2.o)
    0x08000144   0x08000144   0x00000006   Code   RO         3694    .ARM.Collect$$rtentry$$00000004  c_p.l(__rtentry4.o)
    0x0800014a   0x0800014a   0x00000000   Code   RO         3684    .ARM.Collect$$rtentry$$00000009  c_p.l(__rtentry2.o)
    0x0800014a   0x0800014a   0x00000004   Code   RO         3685    .ARM.Collect$$rtentry$$0000000A  c_p.l(__rtentry2.o)
    0x0800014e   0x0800014e   0x00000000   Code   RO         3687    .ARM.Collect$$rtentry$$0000000C  c_p.l(__rtentry2.o)
    0x0800014e   0x0800014e   0x00000008   Code   RO         3688    .ARM.Collect$$rtentry$$0000000D  c_p.l(__rtentry2.o)
    0x08000156   0x08000156   0x00000002   Code   RO         3761    .ARM.Collect$$rtexit$$00000000  c_p.l(rtexit.o)
    0x08000158   0x08000158   0x00000000   Code   RO         3822    .ARM.Collect$$rtexit$$00000002  c_p.l(rtexit2.o)
    0x08000158   0x08000158   0x00000004   Code   RO         3823    .ARM.Collect$$rtexit$$00000003  c_p.l(rtexit2.o)
    0x0800015c   0x0800015c   0x00000006   Code   RO         3824    .ARM.Collect$$rtexit$$00000004  c_p.l(rtexit2.o)
    0x08000162   0x08000162   0x00000002   PAD
    0x08000164   0x08000164   0x00000038   Code   RO            4    .text               startup_stm32g031xx.o
    0x0800019c   0x0800019c   0x00000040   Code   RO         3567    .text               c_p.l(rt_memclr.o)
    0x080001dc   0x080001dc   0x0000015a   Code   RO         3569    .text               c_p.l(aeabi_sdiv.o)
    0x08000336   0x08000336   0x00000006   Code   RO         3573    .text               c_p.l(heapauxi.o)
    0x0800033c   0x0800033c   0x0000003e   Code   RO         3718    .text               c_p.l(sys_stackheap_outer.o)
    0x0800037a   0x0800037a   0x00000010   Code   RO         3740    .text               c_p.l(exit.o)
    0x0800038a   0x0800038a   0x00000002   PAD
    0x0800038c   0x0800038c   0x00000008   Code   RO         3757    .text               c_p.l(libspace.o)
    0x08000394   0x08000394   0x0000000c   Code   RO         3819    .text               c_p.l(sys_exit.o)
    0x080003a0   0x080003a0   0x00000002   Code   RO         3838    .text               c_p.l(use_no_semi.o)
    0x080003a2   0x080003a2   0x00000000   Code   RO         3840    .text               c_p.l(indicate_semi.o)
    0x080003a2   0x080003a2   0x00000002   PAD
    0x080003a4   0x080003a4   0x00000070   Code   RO         1295    i.ADC_ConversionStop  stm32g0xx_hal_adc.o
    0x08000414   0x08000414   0x0000008a   Code   RO         1299    i.ADC_Disable       stm32g0xx_hal_adc.o
    0x0800049e   0x0800049e   0x00000002   PAD
    0x080004a0   0x080004a0   0x000000d8   Code   RO         1300    i.ADC_Enable        stm32g0xx_hal_adc.o
    0x08000578   0x08000578   0x0000004c   Code   RO          622    i.ADC_Read          main.o
    0x080005c4   0x080005c4   0x0000000c   Code   RO          624    i.BTN1_LONG_PRESS_START_Handler  main.o
    0x080005d0   0x080005d0   0x00000018   Code   RO          625    i.BTN1_PRESS_DOWN_Handler  main.o
    0x080005e8   0x080005e8   0x0000000c   Code   RO          626    i.BTN1_PRESS_UP_Handler  main.o
    0x080005f4   0x080005f4   0x00000002   Code   RO           73    i.CT_Delay          ctiic.o
    0x080005f6   0x080005f6   0x00000078   Code   RO           78    i.CT_IIC_Send_Byte  ctiic.o
    0x0800066e   0x0800066e   0x00000052   Code   RO           79    i.CT_IIC_Start      ctiic.o
    0x080006c0   0x080006c0   0x00000050   Code   RO           80    i.CT_IIC_Stop       ctiic.o
    0x08000710   0x08000710   0x00000066   Code   RO           81    i.CT_IIC_Wait_Ack   ctiic.o
    0x08000776   0x08000776   0x00000002   PAD
    0x08000778   0x08000778   0x00000024   Code   RO          962    i.EXTI0_1_IRQHandler  stm32g0xx_it.o
    0x0800079c   0x0800079c   0x00000006   Code   RO          628    i.Error_Handler     main.o
    0x080007a2   0x080007a2   0x00000002   PAD
    0x080007a4   0x080007a4   0x00000044   Code   RO          629    i.Generate_Random_Number  main.o
    0x080007e8   0x080007e8   0x00000364   Code   RO         1302    i.HAL_ADC_ConfigChannel  stm32g0xx_hal_adc.o
    0x08000b4c   0x08000b4c   0x00000008   Code   RO         1309    i.HAL_ADC_GetValue  stm32g0xx_hal_adc.o
    0x08000b54   0x08000b54   0x00000298   Code   RO         1311    i.HAL_ADC_Init      stm32g0xx_hal_adc.o
    0x08000dec   0x08000dec   0x00000078   Code   RO          838    i.HAL_ADC_MspInit   adc.o
    0x08000e64   0x08000e64   0x000000dc   Code   RO         1315    i.HAL_ADC_PollForConversion  stm32g0xx_hal_adc.o
    0x08000f40   0x08000f40   0x00000070   Code   RO         1317    i.HAL_ADC_Start     stm32g0xx_hal_adc.o
    0x08000fb0   0x08000fb0   0x0000004e   Code   RO         1320    i.HAL_ADC_Stop      stm32g0xx_hal_adc.o
    0x08000ffe   0x08000ffe   0x00000002   PAD
    0x08001000   0x08001000   0x000001d8   Code   RO         2263    i.HAL_GPIO_Init     stm32g0xx_hal_gpio.o
    0x080011d8   0x080011d8   0x0000000c   Code   RO         2879    i.HAL_GetTick       stm32g0xx_hal.o
    0x080011e4   0x080011e4   0x00000018   Code   RO         2885    i.HAL_IncTick       stm32g0xx_hal.o
    0x080011fc   0x080011fc   0x0000002c   Code   RO         2886    i.HAL_Init          stm32g0xx_hal.o
    0x08001228   0x08001228   0x00000060   Code   RO         2887    i.HAL_InitTick      stm32g0xx_hal.o
    0x08001288   0x08001288   0x00000044   Code   RO         1030    i.HAL_MspInit       stm32g0xx_hal_msp.o
    0x080012cc   0x080012cc   0x00000012   Code   RO         2755    i.HAL_NVIC_SetPriority  stm32g0xx_hal_cortex.o
    0x080012de   0x080012de   0x00000002   PAD
    0x080012e0   0x080012e0   0x00000038   Code   RO         2759    i.HAL_SYSTICK_Config  stm32g0xx_hal_cortex.o
    0x08001318   0x08001318   0x00000004   Code   RO          963    i.HardFault_Handler  stm32g0xx_it.o
    0x0800131c   0x0800131c   0x00000040   Code   RO          306    i.I2C_WriteByte     oled_i2c.o
    0x0800135c   0x0800135c   0x00000010   Code   RO         1323    i.LL_ADC_Disable    stm32g0xx_hal_adc.o
    0x0800136c   0x0800136c   0x00000010   Code   RO         1324    i.LL_ADC_Enable     stm32g0xx_hal_adc.o
    0x0800137c   0x0800137c   0x0000000c   Code   RO         1325    i.LL_ADC_GetCommonPathInternalCh  stm32g0xx_hal_adc.o
    0x08001388   0x08001388   0x0000000c   Code   RO         1326    i.LL_ADC_IsDisableOngoing  stm32g0xx_hal_adc.o
    0x08001394   0x08001394   0x00000010   Code   RO         1327    i.LL_ADC_IsEnabled  stm32g0xx_hal_adc.o
    0x080013a4   0x080013a4   0x0000000e   Code   RO         1328    i.LL_ADC_IsInternalRegulatorEnabled  stm32g0xx_hal_adc.o
    0x080013b2   0x080013b2   0x0000000c   Code   RO         1329    i.LL_ADC_REG_IsConversionOngoing  stm32g0xx_hal_adc.o
    0x080013be   0x080013be   0x00000016   Code   RO         1330    i.LL_ADC_REG_IsTriggerSourceSWStart  stm32g0xx_hal_adc.o
    0x080013d4   0x080013d4   0x00000010   Code   RO         1331    i.LL_ADC_REG_StartConversion  stm32g0xx_hal_adc.o
    0x080013e4   0x080013e4   0x0000000e   Code   RO         1333    i.LL_ADC_SetCommonPathInternalCh  stm32g0xx_hal_adc.o
    0x080013f2   0x080013f2   0x0000001e   Code   RO         1334    i.LL_ADC_SetSamplingTimeCommonChannels  stm32g0xx_hal_adc.o
    0x08001410   0x08001410   0x0000001c   Code   RO          907    i.LL_APB2_GRP1_EnableClock  tim.o
    0x0800142c   0x0800142c   0x00000010   Code   RO         1179    i.LL_EXTI_DisableEvent_0_31  stm32g0xx_ll_exti.o
    0x0800143c   0x0800143c   0x00000010   Code   RO         1180    i.LL_EXTI_DisableIT_0_31  stm32g0xx_ll_exti.o
    0x0800144c   0x0800144c   0x00000010   Code   RO         1181    i.LL_EXTI_EnableEvent_0_31  stm32g0xx_ll_exti.o
    0x0800145c   0x0800145c   0x00000010   Code   RO         1182    i.LL_EXTI_EnableFallingTrig_0_31  stm32g0xx_ll_exti.o
    0x0800146c   0x0800146c   0x00000010   Code   RO         1183    i.LL_EXTI_EnableIT_0_31  stm32g0xx_ll_exti.o
    0x0800147c   0x0800147c   0x00000010   Code   RO         1184    i.LL_EXTI_EnableRisingTrig_0_31  stm32g0xx_ll_exti.o
    0x0800148c   0x0800148c   0x000000c0   Code   RO         1185    i.LL_EXTI_Init      stm32g0xx_ll_exti.o
    0x0800154c   0x0800154c   0x000000ea   Code   RO         1246    i.LL_GPIO_Init      stm32g0xx_ll_gpio.o
    0x08001636   0x08001636   0x00000012   Code   RO           82    i.LL_GPIO_IsInputPinSet  ctiic.o
    0x08001648   0x08001648   0x00000004   Code   RO           83    i.LL_GPIO_ResetOutputPin  ctiic.o
    0x0800164c   0x0800164c   0x00000004   Code   RO          788    i.LL_GPIO_ResetOutputPin  gpio.o
    0x08001650   0x08001650   0x00000004   Code   RO           84    i.LL_GPIO_SetOutputPin  ctiic.o
    0x08001654   0x08001654   0x00000004   Code   RO          307    i.LL_GPIO_SetOutputPin  oled_i2c.o
    0x08001658   0x08001658   0x0000001a   Code   RO           85    i.LL_GPIO_SetPinMode  ctiic.o
    0x08001672   0x08001672   0x00000010   Code   RO           86    i.LL_GPIO_SetPinOutputType  ctiic.o
    0x08001682   0x08001682   0x0000001a   Code   RO           87    i.LL_GPIO_SetPinPull  ctiic.o
    0x0800169c   0x0800169c   0x0000001c   Code   RO          789    i.LL_IOP_GRP1_EnableClock  gpio.o
    0x080016b8   0x080016b8   0x00000044   Code   RO         3173    i.LL_RTC_DATE_Config  stm32g0xx_ll_rtc.o
    0x080016fc   0x080016fc   0x000000d0   Code   RO         3174    i.LL_RTC_DATE_Init  stm32g0xx_ll_rtc.o
    0x080017cc   0x080017cc   0x00000008   Code   RO         3177    i.LL_RTC_DisableInitMode  stm32g0xx_ll_rtc.o
    0x080017d4   0x080017d4   0x0000000a   Code   RO         3178    i.LL_RTC_DisableWriteProtection  stm32g0xx_ll_rtc.o
    0x080017de   0x080017de   0x00000006   Code   RO         3179    i.LL_RTC_EnableWriteProtection  stm32g0xx_ll_rtc.o
    0x080017e4   0x080017e4   0x00000054   Code   RO         3180    i.LL_RTC_EnterInitMode  stm32g0xx_ll_rtc.o
    0x08001838   0x08001838   0x0000000a   Code   RO         3182    i.LL_RTC_GetHourFormat  stm32g0xx_ll_rtc.o
    0x08001842   0x08001842   0x00000058   Code   RO         3183    i.LL_RTC_Init       stm32g0xx_ll_rtc.o
    0x0800189a   0x0800189a   0x0000000c   Code   RO         3184    i.LL_RTC_IsActiveFlag_INIT  stm32g0xx_ll_rtc.o
    0x080018a6   0x080018a6   0x0000000c   Code   RO         3185    i.LL_RTC_IsActiveFlag_RS  stm32g0xx_ll_rtc.o
    0x080018b2   0x080018b2   0x0000000c   Code   RO         3186    i.LL_RTC_IsShadowRegBypassEnabled  stm32g0xx_ll_rtc.o
    0x080018be   0x080018be   0x00000002   PAD
    0x080018c0   0x080018c0   0x00000040   Code   RO         3188    i.LL_RTC_TIME_Config  stm32g0xx_ll_rtc.o
    0x08001900   0x08001900   0x000000dc   Code   RO         3189    i.LL_RTC_TIME_Init  stm32g0xx_ll_rtc.o
    0x080019dc   0x080019dc   0x00000090   Code   RO         3191    i.LL_RTC_WaitForSynchro  stm32g0xx_ll_rtc.o
    0x08001a6c   0x08001a6c   0x00000014   Code   RO         3192    i.LL_SYSTICK_IsActiveCounterFlag  stm32g0xx_ll_rtc.o
    0x08001a80   0x08001a80   0x0000000c   Code   RO         1093    i.LL_SetSystemCoreClock  stm32g0xx_ll_utils.o
    0x08001a8c   0x08001a8c   0x0000000a   Code   RO          908    i.LL_TIM_DisableARRPreload  tim.o
    0x08001a96   0x08001a96   0x00000002   PAD
    0x08001a98   0x08001a98   0x000000a8   Code   RO         3358    i.LL_TIM_Init       stm32g0xx_ll_tim.o
    0x08001b40   0x08001b40   0x00000034   Code   RO         1094    i.LL_mDelay         stm32g0xx_ll_utils.o
    0x08001b74   0x08001b74   0x000000a4   Code   RO          839    i.MX_ADC1_Init      adc.o
    0x08001c18   0x08001c18   0x0000017c   Code   RO          790    i.MX_GPIO_Init      gpio.o
    0x08001d94   0x08001d94   0x00000148   Code   RO          876    i.MX_RTC_Init       rtc.o
    0x08001edc   0x08001edc   0x00000040   Code   RO          909    i.MX_TIM14_Init     tim.o
    0x08001f1c   0x08001f1c   0x00000068   Code   RO          910    i.MX_TIM17_Init     tim.o
    0x08001f84   0x08001f84   0x00000004   Code   RO          964    i.NMI_Handler       stm32g0xx_it.o
    0x08001f88   0x08001f88   0x0000003a   Code   RO          314    i.OLED_Fill         oled_i2c.o
    0x08001fc2   0x08001fc2   0x000000b2   Code   RO          315    i.OLED_Init         oled_i2c.o
    0x08002074   0x08002074   0x00000028   Code   RO          322    i.OLED_SetPos       oled_i2c.o
    0x0800209c   0x0800209c   0x000000ec   Code   RO          336    i.OLED_ShowStr      oled_i2c.o
    0x08002188   0x08002188   0x00000028   Code   RO          338    i.OLED_Update       oled_i2c.o
    0x080021b0   0x080021b0   0x0000001a   Code   RO          340    i.OLED_WriteData    oled_i2c.o
    0x080021ca   0x080021ca   0x00000002   Code   RO          965    i.PendSV_Handler    stm32g0xx_it.o
    0x080021cc   0x080021cc   0x00000014   Code   RO          630    i.Random_1_to_100   main.o
    0x080021e0   0x080021e0   0x00000002   Code   RO          966    i.SVC_Handler       stm32g0xx_it.o
    0x080021e2   0x080021e2   0x00000008   Code   RO          967    i.SysTick_Handler   stm32g0xx_it.o
    0x080021ea   0x080021ea   0x00000002   PAD
    0x080021ec   0x080021ec   0x0000014c   Code   RO          635    i.SystemClock_Config  main.o
    0x08002338   0x08002338   0x00000002   Code   RO         1053    i.SystemInit        system_stm32g0xx.o
    0x0800233a   0x0800233a   0x00000002   PAD
    0x0800233c   0x0800233c   0x00000038   Code   RO          968    i.TIM17_IRQHandler  stm32g0xx_it.o
    0x08002374   0x08002374   0x0000000e   Code   RO          344    i.WriteCmd          oled_i2c.o
    0x08002382   0x08002382   0x0000000e   Code   RO          345    i.WriteDat          oled_i2c.o
    0x08002390   0x08002390   0x0000001c   Code   RO           56    i.__ARM_common_switch8  multi_button.o
    0x080023ac   0x080023ac   0x00000078   Code   RO          791    i.__NVIC_SetPriority  gpio.o
    0x08002424   0x08002424   0x00000078   Code   RO          911    i.__NVIC_SetPriority  tim.o
    0x0800249c   0x0800249c   0x00000078   Code   RO         2761    i.__NVIC_SetPriority  stm32g0xx_hal_cortex.o
    0x08002514   0x08002514   0x0000000c   Code   RO           10    i.button_attach     multi_button.o
    0x08002520   0x08002520   0x00000276   Code   RO           11    i.button_handler    multi_button.o
    0x08002796   0x08002796   0x0000004c   Code   RO           12    i.button_init       multi_button.o
    0x080027e2   0x080027e2   0x00000002   PAD
    0x080027e4   0x080027e4   0x0000002c   Code   RO           13    i.button_start      multi_button.o
    0x08002810   0x08002810   0x0000001c   Code   RO           15    i.button_ticks      multi_button.o
    0x0800282c   0x0800282c   0x00000040   Code   RO          912    i.delay_us          tim.o
    0x0800286c   0x0800286c   0x000000c0   Code   RO          637    i.main              main.o
    0x0800292c   0x0800292c   0x0000001c   Code   RO          638    i.read_button_GPIO  main.o
    0x08002948   0x08002948   0x00007ef2   Data   RO          347    .constdata          oled_i2c.o
    0x0800a83a   0x0800a83a   0x00000002   PAD
    0x0800a83c   0x0800a83c   0x00000020   Data   RO         3892    Region$$Table       anon$$obj.o


    Execution Region RW_IRAM1 (Exec base: 0x20000000, Load base: 0x0800a85c, Size: 0x00001720, Max: 0x00002000, ABSOLUTE)

    Exec Addr    Load Addr    Size         Type   Attr      Idx    E Section Name        Object

    0x20000000   0x0800a85c   0x00000004   Data   RW           17    .data               multi_button.o
    0x20000004   0x0800a860   0x00000002   Data   RW          348    .data               oled_i2c.o
    0x20000006   0x0800a862   0x00000002   PAD
    0x20000008   0x0800a864   0x00000014   Data   RW          641    .data               main.o
    0x2000001c   0x0800a878   0x00000004   Data   RW         1055    .data               system_stm32g0xx.o
    0x20000020   0x0800a87c   0x00000009   Data   RW         2905    .data               stm32g0xx_hal.o
    0x20000029   0x0800a885   0x00000003   PAD
    0x2000002c        -       0x00001000   Zero   RW          346    .bss                oled_i2c.o
    0x2000102c        -       0x0000002c   Zero   RW          639    .bss                main.o
    0x20001058        -       0x00000064   Zero   RW          840    .bss                adc.o
    0x200010bc        -       0x00000060   Zero   RW         3758    .bss                c_p.l(libspace.o)
    0x2000111c   0x0800a885   0x00000004   PAD
    0x20001120        -       0x00000200   Zero   RW            2    HEAP                startup_stm32g031xx.o
    0x20001320        -       0x00000400   Zero   RW            1    STACK               startup_stm32g031xx.o


==============================================================================

Image component sizes


      Code (inc. data)   RO Data    RW Data    ZI Data      Debug   Object Name

       284         26          0          0        100       1805   adc.o
       480          0          0          0          0     364813   ctiic.o
       532         26          0          0          0      24427   gpio.o
       770         88          0         20         44      99282   main.o
       818         20          0          4          0       8772   multi_button.o
       674         20      32498          2       4096      11336   oled_i2c.o
       328         18          0          0          0      43626   rtc.o
        56         26        192          0       1536        620   startup_stm32g031xx.o
       176         32          0          9          0      17193   stm32g0xx_hal.o
      2596        100          0          0          0      46961   stm32g0xx_hal_adc.o
       194         20          0          0          0      11528   stm32g0xx_hal_cortex.o
       472         18          0          0          0       1388   stm32g0xx_hal_gpio.o
        68          4          0          0          0        798   stm32g0xx_hal_msp.o
       112         12          0          0          0      40683   stm32g0xx_it.o
       288         30          0          0          0       9243   stm32g0xx_ll_exti.o
       234          0          0          0          0       7051   stm32g0xx_ll_gpio.o
       966         16          0          0          0      37059   stm32g0xx_ll_rtc.o
       168         22          0          0          0      40478   stm32g0xx_ll_tim.o
        64         12          0          0          0       5692   stm32g0xx_ll_utils.o
         2          0          0          4          0       1127   system_stm32g0xx.o
       390         40          0          0          0      39687   tim.o

    ----------------------------------------------------------------------
      9692        530      32724         44       5776     813569   Object Totals
         0          0         32          0          0          0   (incl. Generated)
        20          0          2          5          0          0   (incl. Padding)

    ----------------------------------------------------------------------

      Code (inc. data)   RO Data    RW Data    ZI Data      Debug   Library Member Name

         8          0          0          0          0         68   __main.o
         0          0          0          0          0          0   __rtentry.o
        12          0          0          0          0          0   __rtentry2.o
         6          0          0          0          0          0   __rtentry4.o
        60          8          0          0          0          0   __scatter.o
        26          0          0          0          0          0   __scatter_copy.o
        28          0          0          0          0          0   __scatter_zi.o
       346          0          0          0          0         92   aeabi_sdiv.o
        16          0          0          0          0         68   exit.o
         6          0          0          0          0        136   heapauxi.o
         0          0          0          0          0          0   indicate_semi.o
         2          0          0          0          0          0   libinit.o
         2          0          0          0          0          0   libinit2.o
         2          0          0          0          0          0   libshutdown.o
         2          0          0          0          0          0   libshutdown2.o
         8          4          0          0         96         68   libspace.o
        64          0          0          0          0        108   rt_memclr.o
         2          0          0          0          0          0   rtexit.o
        10          0          0          0          0          0   rtexit2.o
        12          4          0          0          0         60   sys_exit.o
        62          0          0          0          0         80   sys_stackheap_outer.o
         2          0          0          0          0         68   use_no_semi.o

    ----------------------------------------------------------------------
       684         16          0          0        100        748   Library Totals
         8          0          0          0          4          0   (incl. Padding)

    ----------------------------------------------------------------------

      Code (inc. data)   RO Data    RW Data    ZI Data      Debug   Library Name

       676         16          0          0         96        748   c_p.l

    ----------------------------------------------------------------------
       684         16          0          0        100        748   Library Totals

    ----------------------------------------------------------------------

==============================================================================


      Code (inc. data)   RO Data    RW Data    ZI Data      Debug   

     10376        546      32724         44       5876     809333   Grand Totals
     10376        546      32724         44       5876     809333   ELF Image Totals
     10376        546      32724         44          0          0   ROM Totals

==============================================================================

    Total RO  Size (Code + RO Data)                43100 (  42.09kB)
    Total RW  Size (RW Data + ZI Data)              5920 (   5.78kB)
    Total ROM Size (Code + RO Data + RW Data)      43144 (  42.13kB)

==============================================================================

